#-----------------------------------------------------------
# Vivado v2014.4.1 (64-bit)
# SW Build 1149489 on Thu Feb 19 16:01:47 MST 2015
# IP Build 1147552 on Wed Feb 18 14:25:16 MST 2015
# Start of session at: Wed Dec  2 18:57:05 2015
# Process ID: 5787
# Log file: /afs/athena.mit.edu/user/p/l/plancher/Desktop/6.111-Final-Project/vivado.log
# Journal file: /afs/athena.mit.edu/user/p/l/plancher/Desktop/6.111-Final-Project/vivado.jou
#-----------------------------------------------------------
start_gui
open_project /afs/athena.mit.edu/user/p/l/plancher/Desktop/6.111-Final-Project/Rover/Rover.xpr
reset_run synth_1
launch_runs impl_1 -to_step write_bitstream
wait_on_run impl_1
open_hw
connect_hw_server
open_hw_target [lindex [get_hw_targets -of_objects [get_hw_servers localhost]] 0]
set_property PROGRAM.FILE {/afs/athena.mit.edu/user/p/l/plancher/Desktop/6.111-Final-Project/Rover/Rover.runs/impl_1/labkit.bit} [lindex [get_hw_devices] 0]
set_property PROBES.FILE {/afs/athena.mit.edu/user/p/l/plancher/Desktop/6.111-Final-Project/Rover/Rover.runs/impl_1/debug_nets.ltx} [lindex [get_hw_devices] 0]
current_hw_device [lindex [get_hw_devices] 0]
refresh_hw_device -update_hw_probes false [lindex [get_hw_devices] 0]
set_property PROBES.FILE {/afs/athena.mit.edu/user/p/l/plancher/Desktop/6.111-Final-Project/Rover/Rover.runs/impl_1/debug_nets.ltx} [lindex [get_hw_devices] 0]
set_property PROGRAM.FILE {/afs/athena.mit.edu/user/p/l/plancher/Desktop/6.111-Final-Project/Rover/Rover.runs/impl_1/labkit.bit} [lindex [get_hw_devices] 0]
program_hw_devices [lindex [get_hw_devices] 0]
refresh_hw_device [lindex [get_hw_devices] 0]
reset_run synth_1
launch_runs impl_1 -to_step write_bitstream
wait_on_run impl_1
set_property PROBES.FILE {/afs/athena.mit.edu/user/p/l/plancher/Desktop/6.111-Final-Project/Rover/Rover.runs/impl_1/debug_nets.ltx} [lindex [get_hw_devices] 0]
set_property PROGRAM.FILE {/afs/athena.mit.edu/user/p/l/plancher/Desktop/6.111-Final-Project/Rover/Rover.runs/impl_1/labkit.bit} [lindex [get_hw_devices] 0]
program_hw_devices [lindex [get_hw_devices] 0]
refresh_hw_device [lindex [get_hw_devices] 0]
reset_run synth_1
launch_runs impl_1 -to_step write_bitstream
wait_on_run impl_1
set_property PROBES.FILE {/afs/athena.mit.edu/user/p/l/plancher/Desktop/6.111-Final-Project/Rover/Rover.runs/impl_1/debug_nets.ltx} [lindex [get_hw_devices] 0]
set_property PROGRAM.FILE {/afs/athena.mit.edu/user/p/l/plancher/Desktop/6.111-Final-Project/Rover/Rover.runs/impl_1/labkit.bit} [lindex [get_hw_devices] 0]
program_hw_devices [lindex [get_hw_devices] 0]
refresh_hw_device [lindex [get_hw_devices] 0]
reset_run synth_1
launch_runs impl_1 -to_step write_bitstream
wait_on_run impl_1
reset_run synth_1
launch_runs synth_1
wait_on_run synth_1
reset_run impl_1
launch_runs impl_1 -to_step write_bitstream
wait_on_run impl_1
set_property PROBES.FILE {/afs/athena.mit.edu/user/p/l/plancher/Desktop/6.111-Final-Project/Rover/Rover.runs/impl_1/debug_nets.ltx} [lindex [get_hw_devices] 0]
set_property PROGRAM.FILE {/afs/athena.mit.edu/user/p/l/plancher/Desktop/6.111-Final-Project/Rover/Rover.runs/impl_1/labkit.bit} [lindex [get_hw_devices] 0]
program_hw_devices [lindex [get_hw_devices] 0]
refresh_hw_device [lindex [get_hw_devices] 0]
close [ open {/afs/athena.mit.edu/user/p/l/plancher/Desktop/6.111-Final-Project/Test Fixtures/Rover/motor_signal_stream_tb.v} w ]
add_files {{/afs/athena.mit.edu/user/p/l/plancher/Desktop/6.111-Final-Project/Test Fixtures/Rover/motor_signal_stream_tb.v}}
update_compile_order -fileset sources_1
remove_files {{/afs/athena.mit.edu/user/p/l/plancher/Desktop/6.111-Final-Project/Test Fixtures/Rover/motor_signal_stream_tb.v}}
set_property target_constrs_file /afs/athena.mit.edu/user/p/l/plancher/Desktop/6.111-Final-Project/Sources/Rover/Nexys4DDR_Master_lab4.xdc [current_fileset -constrset]
set_property SOURCE_SET sources_1 [get_filesets sim_1]
close [ open {/afs/athena.mit.edu/user/p/l/plancher/Desktop/6.111-Final-Project/Test Fixtures/Rover/motor_signal_stream_tb.v} w ]
add_files -fileset sim_1 {{/afs/athena.mit.edu/user/p/l/plancher/Desktop/6.111-Final-Project/Test Fixtures/Rover/motor_signal_stream_tb.v}}
update_compile_order -fileset sim_1
set_property top motor_signal_stream_tb [get_filesets sim_1]
set_property top_lib xil_defaultlib [get_filesets sim_1]
update_compile_order -fileset sim_1
launch_simulation
launch_simulation
reset_run synth_1
launch_runs synth_1
wait_on_run synth_1
reset_run synth_1
launch_simulation
launch_simulation
source motor_signal_stream_tb.tcl
close_sim
launch_simulation
source motor_signal_stream_tb.tcl
close_sim
launch_simulation
source motor_signal_stream_tb.tcl
close_sim
launch_simulation
source motor_signal_stream_tb.tcl
restart -f
restart
run 2000ns
save_wave_config {/afs/athena.mit.edu/user/p/l/plancher/Desktop/6.111-Final-Project/Rover/motor_signal_stream_tb_behav.wcfg}
close_sim
launch_simulation
open_wave_config /afs/athena.mit.edu/user/p/l/plancher/Desktop/6.111-Final-Project/Rover/motor_signal_stream_tb_behav.wcfg
source motor_signal_stream_tb.tcl
close_sim
launch_simulation
open_wave_config /afs/athena.mit.edu/user/p/l/plancher/Desktop/6.111-Final-Project/Rover/motor_signal_stream_tb_behav.wcfg
source motor_signal_stream_tb.tcl
restart
run 2000ns
save_wave_config {/afs/athena.mit.edu/user/p/l/plancher/Desktop/6.111-Final-Project/Rover/motor_signal_stream_tb_behav.wcfg}
close_sim
launch_simulation
open_wave_config /afs/athena.mit.edu/user/p/l/plancher/Desktop/6.111-Final-Project/Rover/motor_signal_stream_tb_behav.wcfg
source motor_signal_stream_tb.tcl
close_sim
launch_simulation
open_wave_config /afs/athena.mit.edu/user/p/l/plancher/Desktop/6.111-Final-Project/Rover/motor_signal_stream_tb_behav.wcfg
source motor_signal_stream_tb.tcl
close_sim
launch_simulation
open_wave_config /afs/athena.mit.edu/user/p/l/plancher/Desktop/6.111-Final-Project/Rover/motor_signal_stream_tb_behav.wcfg
source motor_signal_stream_tb.tcl
restart
run 2000ns
close_sim
launch_simulation
open_wave_config /afs/athena.mit.edu/user/p/l/plancher/Desktop/6.111-Final-Project/Rover/motor_signal_stream_tb_behav.wcfg
source motor_signal_stream_tb.tcl
close_sim
launch_simulation
open_wave_config /afs/athena.mit.edu/user/p/l/plancher/Desktop/6.111-Final-Project/Rover/motor_signal_stream_tb_behav.wcfg
source motor_signal_stream_tb.tcl
restart
run 2000ns
run 5000ns
close_sim
reset_run synth_1
launch_runs impl_1 -to_step write_bitstream
wait_on_run impl_1
reset_run synth_1
reset_run synth_1
launch_runs impl_1 -to_step write_bitstream
wait_on_run impl_1
set_property PROBES.FILE {/afs/athena.mit.edu/user/p/l/plancher/Desktop/6.111-Final-Project/Rover/Rover.runs/impl_1/debug_nets.ltx} [lindex [get_hw_devices] 0]
set_property PROGRAM.FILE {/afs/athena.mit.edu/user/p/l/plancher/Desktop/6.111-Final-Project/Rover/Rover.runs/impl_1/labkit.bit} [lindex [get_hw_devices] 0]
program_hw_devices [lindex [get_hw_devices] 0]
refresh_hw_device [lindex [get_hw_devices] 0]
set_property PROBES.FILE {/afs/athena.mit.edu/user/p/l/plancher/Desktop/6.111-Final-Project/Rover/Rover.runs/impl_1/debug_nets.ltx} [lindex [get_hw_devices] 0]
set_property PROGRAM.FILE {/afs/athena.mit.edu/user/p/l/plancher/Desktop/6.111-Final-Project/Rover/Rover.runs/impl_1/labkit.bit} [lindex [get_hw_devices] 0]
program_hw_devices [lindex [get_hw_devices] 0]
refresh_hw_device [lindex [get_hw_devices] 0]
launch_simulation
launch_simulation
open_wave_config /afs/athena.mit.edu/user/p/l/plancher/Desktop/6.111-Final-Project/Rover/motor_signal_stream_tb_behav.wcfg
source motor_signal_stream_tb.tcl
restart
run 2000ns
restart
run 2000ns
save_wave_config {/afs/athena.mit.edu/user/p/l/plancher/Desktop/6.111-Final-Project/Rover/motor_signal_stream_tb_behav.wcfg}
close_sim
reset_run synth_1
launch_runs synth_1
wait_on_run synth_1
reset_run synth_1
launch_simulation
open_wave_config /afs/athena.mit.edu/user/p/l/plancher/Desktop/6.111-Final-Project/Rover/motor_signal_stream_tb_behav.wcfg
source motor_signal_stream_tb.tcl
source motor_signal_stream_tb.tcl
reset_run synth_1
launch_simulation
close_sim
launch_simulation
open_wave_config /afs/athena.mit.edu/user/p/l/plancher/Desktop/6.111-Final-Project/Rover/motor_signal_stream_tb_behav.wcfg
source motor_signal_stream_tb.tcl
close_sim
launch_simulation
open_wave_config /afs/athena.mit.edu/user/p/l/plancher/Desktop/6.111-Final-Project/Rover/motor_signal_stream_tb_behav.wcfg
source motor_signal_stream_tb.tcl
close_sim
launch_simulation
open_wave_config /afs/athena.mit.edu/user/p/l/plancher/Desktop/6.111-Final-Project/Rover/motor_signal_stream_tb_behav.wcfg
source motor_signal_stream_tb.tcl
close_sim
launch_simulation
open_wave_config /afs/athena.mit.edu/user/p/l/plancher/Desktop/6.111-Final-Project/Rover/motor_signal_stream_tb_behav.wcfg
source motor_signal_stream_tb.tcl
restart
run 2000ns
save_wave_config {/afs/athena.mit.edu/user/p/l/plancher/Desktop/6.111-Final-Project/Rover/motor_signal_stream_tb_behav.wcfg}
close_sim
reset_run synth_1
launch_runs impl_1 -to_step write_bitstream
wait_on_run impl_1
set_property PROBES.FILE {/afs/athena.mit.edu/user/p/l/plancher/Desktop/6.111-Final-Project/Rover/Rover.runs/impl_1/debug_nets.ltx} [lindex [get_hw_devices] 0]
set_property PROGRAM.FILE {/afs/athena.mit.edu/user/p/l/plancher/Desktop/6.111-Final-Project/Rover/Rover.runs/impl_1/labkit.bit} [lindex [get_hw_devices] 0]
program_hw_devices [lindex [get_hw_devices] 0]
refresh_hw_device [lindex [get_hw_devices] 0]
set_property PROBES.FILE {/afs/athena.mit.edu/user/p/l/plancher/Desktop/6.111-Final-Project/Rover/Rover.runs/impl_1/debug_nets.ltx} [lindex [get_hw_devices] 0]
set_property PROGRAM.FILE {/afs/athena.mit.edu/user/p/l/plancher/Desktop/6.111-Final-Project/Rover/Rover.runs/impl_1/labkit.bit} [lindex [get_hw_devices] 0]
program_hw_devices [lindex [get_hw_devices] 0]
refresh_hw_device [lindex [get_hw_devices] 0]
update_compile_order -fileset sources_1
update_compile_order -fileset sources_1
close [ open /afs/athena.mit.edu/user/p/l/plancher/Desktop/6.111-Final-Project/Sources/Rover/rover_main_fsm.v w ]
add_files /afs/athena.mit.edu/user/p/l/plancher/Desktop/6.111-Final-Project/Sources/Rover/rover_main_fsm.v
update_compile_order -fileset sources_1
update_compile_order -fileset sources_1
update_compile_order -fileset sources_1
reset_run synth_1
launch_runs impl_1 -to_step write_bitstream
wait_on_run impl_1
reset_run synth_1
launch_runs synth_1
wait_on_run synth_1
reset_run synth_1
launch_runs synth_1
wait_on_run synth_1
reset_run impl_1
launch_runs impl_1 -to_step write_bitstream
wait_on_run impl_1
set_property PROBES.FILE {/afs/athena.mit.edu/user/p/l/plancher/Desktop/6.111-Final-Project/Rover/Rover.runs/impl_1/debug_nets.ltx} [lindex [get_hw_devices] 0]
set_property PROGRAM.FILE {/afs/athena.mit.edu/user/p/l/plancher/Desktop/6.111-Final-Project/Rover/Rover.runs/impl_1/labkit.bit} [lindex [get_hw_devices] 0]
program_hw_devices [lindex [get_hw_devices] 0]
refresh_hw_device [lindex [get_hw_devices] 0]
set_property PROBES.FILE {/afs/athena.mit.edu/user/p/l/plancher/Desktop/6.111-Final-Project/Rover/Rover.runs/impl_1/debug_nets.ltx} [lindex [get_hw_devices] 0]
set_property PROGRAM.FILE {/afs/athena.mit.edu/user/p/l/plancher/Desktop/6.111-Final-Project/Rover/Rover.runs/impl_1/labkit.bit} [lindex [get_hw_devices] 0]
program_hw_devices [lindex [get_hw_devices] 0]
refresh_hw_device [lindex [get_hw_devices] 0]
refresh_hw_device [lindex [get_hw_devices] 0]
disconnect_hw_server localhost
connect_hw_server -url localhost:3121
current_hw_target [get_hw_targets */xilinx_tcf/Digilent/210292645736A]
disconnect_hw_server localhost
connect_hw_server -url localhost:3121
current_hw_target [get_hw_targets */xilinx_tcf/Digilent/210292645241A]
disconnect_hw_server localhost
