#-----------------------------------------------------------
# Vivado v2014.4.1 (64-bit)
# SW Build 1149489 on Thu Feb 19 16:01:47 MST 2015
# IP Build 1147552 on Wed Feb 18 14:25:16 MST 2015
# Start of session at: Wed Dec  2 13:15:37 2015
# Process ID: 25673
# Log file: /afs/athena.mit.edu/user/p/l/plancher/Desktop/6.111-Final-Project/vivado.log
# Journal file: /afs/athena.mit.edu/user/p/l/plancher/Desktop/6.111-Final-Project/vivado.jou
#-----------------------------------------------------------
start_gui
open_project /afs/athena.mit.edu/user/p/l/plancher/Desktop/6.111-Final-Project/Rover/Rover.xpr
add_files -norecurse /afs/athena.mit.edu/user/p/l/plancher/Desktop/6.111-Final-Project/Sources/Shared/divider_600us.v
update_compile_order -fileset sources_1
launch_runs synth_1
wait_on_run synth_1
reset_run synth_1
launch_runs synth_1
wait_on_run synth_1
reset_run synth_1
launch_runs synth_1
wait_on_run synth_1
reset_run synth_1
launch_runs synth_1
wait_on_run synth_1
launch_runs impl_1
wait_on_run impl_1
launch_runs impl_1 -to_step write_bitstream
wait_on_run impl_1
open_hw
connect_hw_server
open_hw_target [lindex [get_hw_targets -of_objects [get_hw_servers localhost]] 0]
set_property PROGRAM.FILE {/afs/athena.mit.edu/user/p/l/plancher/Desktop/6.111-Final-Project/Rover/Rover.runs/impl_1/labkit.bit} [lindex [get_hw_devices] 0]
set_property PROBES.FILE {/afs/athena.mit.edu/user/p/l/plancher/Desktop/6.111-Final-Project/Rover/Rover.runs/impl_1/debug_nets.ltx} [lindex [get_hw_devices] 0]
current_hw_device [lindex [get_hw_devices] 0]
refresh_hw_device -update_hw_probes false [lindex [get_hw_devices] 0]
set_property PROBES.FILE {/afs/athena.mit.edu/user/p/l/plancher/Desktop/6.111-Final-Project/Rover/Rover.runs/impl_1/debug_nets.ltx} [lindex [get_hw_devices] 0]
set_property PROGRAM.FILE {/afs/athena.mit.edu/user/p/l/plancher/Desktop/6.111-Final-Project/Rover/Rover.runs/impl_1/labkit.bit} [lindex [get_hw_devices] 0]
program_hw_devices [lindex [get_hw_devices] 0]
refresh_hw_device [lindex [get_hw_devices] 0]
reset_run synth_1
launch_runs synth_1
wait_on_run synth_1
launch_runs impl_1
wait_on_run impl_1
launch_runs impl_1 -to_step write_bitstream
wait_on_run impl_1
set_property PROBES.FILE {/afs/athena.mit.edu/user/p/l/plancher/Desktop/6.111-Final-Project/Rover/Rover.runs/impl_1/debug_nets.ltx} [lindex [get_hw_devices] 0]
set_property PROGRAM.FILE {/afs/athena.mit.edu/user/p/l/plancher/Desktop/6.111-Final-Project/Rover/Rover.runs/impl_1/labkit.bit} [lindex [get_hw_devices] 0]
program_hw_devices [lindex [get_hw_devices] 0]
refresh_hw_device [lindex [get_hw_devices] 0]
reset_run synth_1
launch_runs synth_1
wait_on_run synth_1
launch_runs impl_1
wait_on_run impl_1
launch_runs impl_1 -to_step write_bitstream
wait_on_run impl_1
set_property PROBES.FILE {/afs/athena.mit.edu/user/p/l/plancher/Desktop/6.111-Final-Project/Rover/Rover.runs/impl_1/debug_nets.ltx} [lindex [get_hw_devices] 0]
set_property PROGRAM.FILE {/afs/athena.mit.edu/user/p/l/plancher/Desktop/6.111-Final-Project/Rover/Rover.runs/impl_1/labkit.bit} [lindex [get_hw_devices] 0]
program_hw_devices [lindex [get_hw_devices] 0]
refresh_hw_device [lindex [get_hw_devices] 0]
reset_run synth_1
launch_runs impl_1 -to_step write_bitstream
wait_on_run impl_1
set_property PROBES.FILE {/afs/athena.mit.edu/user/p/l/plancher/Desktop/6.111-Final-Project/Rover/Rover.runs/impl_1/debug_nets.ltx} [lindex [get_hw_devices] 0]
set_property PROGRAM.FILE {/afs/athena.mit.edu/user/p/l/plancher/Desktop/6.111-Final-Project/Rover/Rover.runs/impl_1/labkit.bit} [lindex [get_hw_devices] 0]
program_hw_devices [lindex [get_hw_devices] 0]
refresh_hw_device [lindex [get_hw_devices] 0]
