--------------------------------------------------------------------------------
Release 10.1.03 Trace  (lin64)
Copyright (c) 1995-2008 Xilinx, Inc.  All rights reserved.

/afs/csail.mit.edu/proj/redsocs/Xilinx10.1/ISE/bin/lin64/unwrapped/trce -ise
/afs/athena.mit.edu/user/p/l/plancher/Desktop/6.111-Final-Project/Main_FPGA/Main_FPGA.ise
-intstyle ise -v 3 -s 4 -xml labkit labkit.ncd -o labkit.twr labkit.pcf -ucf
/afs/athena.mit.edu/user/p/l/plancher/Desktop/6.111-Final-Project/Sources/Main FPGA/labkit.ucf

Design file:              labkit.ncd
Physical constraint file: labkit.pcf
Device,package,speed:     xc2v6000,bf957,-4 (PRODUCTION 1.121 2008-07-25, STEPPING level 0)
Report level:             verbose report

Environment Variable      Effect 
--------------------      ------ 
NONE                      No environment variables were set
--------------------------------------------------------------------------------

INFO:Timing:2698 - No timing constraints found, doing default enumeration.
INFO:Timing:2752 - To get complete path coverage, use the unconstrained paths 
   option. All paths that are not constrained will be reported in the 
   unconstrained paths section(s) of the report.
INFO:Timing:3339 - The clock-to-out numbers in this timing report are based on 
   a 50 Ohm transmission line loading model.  For the details of this model, 
   and for more information on accounting for different loading conditions, 
   please see the device datasheet.



Data Sheet report:
-----------------
All values displayed in nanoseconds (ns)

Setup/Hold to clock clock_27mhz
------------+------------+------------+------------------+--------+
            |  Setup to  |  Hold to   |                  | Clock  |
Source      | clk (edge) | clk (edge) |Internal Clock(s) | Phase  |
------------+------------+------------+------------------+--------+
button1     |    3.801(R)|   -1.648(R)|clock_27mhz_IBUFG |   0.000|
button2     |    5.098(R)|   -1.880(R)|clock_27mhz_IBUFG |   0.000|
button3     |    4.158(R)|   -1.693(R)|clock_27mhz_IBUFG |   0.000|
button_enter|    5.248(R)|   -2.115(R)|clock_27mhz_IBUFG |   0.000|
switch<0>   |    8.084(R)|   -5.433(R)|clock_27mhz_IBUFG |   0.000|
switch<1>   |    7.969(R)|   -4.848(R)|clock_27mhz_IBUFG |   0.000|
switch<2>   |    7.855(R)|   -3.858(R)|clock_27mhz_IBUFG |   0.000|
user1<14>   |    5.874(R)|   -2.466(R)|clock_27mhz_IBUFG |   0.000|
user1<17>   |    7.163(R)|   -3.755(R)|clock_27mhz_IBUFG |   0.000|
user1<20>   |    6.710(R)|   -3.017(R)|clock_27mhz_IBUFG |   0.000|
user1<23>   |    7.713(R)|   -4.020(R)|clock_27mhz_IBUFG |   0.000|
user1<26>   |    8.318(R)|   -4.625(R)|clock_27mhz_IBUFG |   0.000|
user1<29>   |    7.378(R)|   -3.685(R)|clock_27mhz_IBUFG |   0.000|
------------+------------+------------+------------------+--------+

Clock clock_27mhz to Pad
----------------+------------+------------------+--------+
                | clk (edge) |                  | Clock  |
Destination     |   to PAD   |Internal Clock(s) | Phase  |
----------------+------------+------------------+--------+
disp_clock      |   11.789(R)|clock_27mhz_IBUFG |   0.000|
user1<12>       |   12.268(R)|clock_27mhz_IBUFG |   0.000|
user1<13>       |   12.136(R)|clock_27mhz_IBUFG |   0.000|
user1<15>       |   10.937(R)|clock_27mhz_IBUFG |   0.000|
user1<16>       |   12.782(R)|clock_27mhz_IBUFG |   0.000|
user1<18>       |   12.362(R)|clock_27mhz_IBUFG |   0.000|
user1<19>       |   11.239(R)|clock_27mhz_IBUFG |   0.000|
user1<21>       |   11.702(R)|clock_27mhz_IBUFG |   0.000|
user1<22>       |   11.700(R)|clock_27mhz_IBUFG |   0.000|
user1<24>       |   13.598(R)|clock_27mhz_IBUFG |   0.000|
user1<25>       |   13.128(R)|clock_27mhz_IBUFG |   0.000|
user1<27>       |   11.103(R)|clock_27mhz_IBUFG |   0.000|
user1<28>       |   12.105(R)|clock_27mhz_IBUFG |   0.000|
vga_out_blank_b |   12.602(R)|clock_65mhz       |   0.000|
vga_out_blue<0> |   13.984(R)|clock_65mhz       |   0.000|
vga_out_blue<1> |   14.308(R)|clock_65mhz       |   0.000|
vga_out_blue<2> |   15.535(R)|clock_65mhz       |   0.000|
vga_out_blue<3> |   16.490(R)|clock_65mhz       |   0.000|
vga_out_blue<4> |   16.160(R)|clock_65mhz       |   0.000|
vga_out_blue<5> |   16.457(R)|clock_65mhz       |   0.000|
vga_out_blue<6> |   18.006(R)|clock_65mhz       |   0.000|
vga_out_blue<7> |   18.305(R)|clock_65mhz       |   0.000|
vga_out_green<0>|   12.399(R)|clock_65mhz       |   0.000|
vga_out_green<1>|   15.510(R)|clock_65mhz       |   0.000|
vga_out_green<2>|   13.012(R)|clock_65mhz       |   0.000|
vga_out_green<3>|   12.712(R)|clock_65mhz       |   0.000|
vga_out_green<4>|   16.455(R)|clock_65mhz       |   0.000|
vga_out_green<5>|   15.543(R)|clock_65mhz       |   0.000|
vga_out_green<6>|   16.756(R)|clock_65mhz       |   0.000|
vga_out_green<7>|   15.213(R)|clock_65mhz       |   0.000|
vga_out_hsync   |   12.283(R)|clock_65mhz       |   0.000|
vga_out_red<0>  |   13.437(R)|clock_65mhz       |   0.000|
vga_out_red<1>  |   14.376(R)|clock_65mhz       |   0.000|
vga_out_red<2>  |   13.748(R)|clock_65mhz       |   0.000|
vga_out_red<3>  |   13.132(R)|clock_65mhz       |   0.000|
vga_out_red<4>  |   14.359(R)|clock_65mhz       |   0.000|
vga_out_red<5>  |   14.038(R)|clock_65mhz       |   0.000|
vga_out_red<6>  |   14.649(R)|clock_65mhz       |   0.000|
vga_out_red<7>  |   13.424(R)|clock_65mhz       |   0.000|
vga_out_vsync   |   12.559(R)|clock_65mhz       |   0.000|
----------------+------------+------------------+--------+

Clock to Setup on destination clock clock_27mhz
---------------+---------+---------+---------+---------+
               | Src:Rise| Src:Fall| Src:Rise| Src:Fall|
Source Clock   |Dest:Rise|Dest:Rise|Dest:Fall|Dest:Fall|
---------------+---------+---------+---------+---------+
clock_27mhz    |   21.253|         |         |         |
---------------+---------+---------+---------+---------+

Pad to Pad
---------------+-------------------+---------+
Source Pad     |Destination Pad    |  Delay  |
---------------+-------------------+---------+
clock_27mhz    |vga_out_pixel_clock|   11.467|
---------------+-------------------+---------+


Analysis completed Sun Dec  6 19:13:51 2015 
--------------------------------------------------------------------------------

Trace Settings:
-------------------------
Trace Settings 

Peak Memory Usage: 438 MB



