Release 10.1.03 - xst K.39 (lin64)
Copyright (c) 1995-2008 Xilinx, Inc.  All rights reserved.
--> 
Parameter TMPDIR set to /afs/athena.mit.edu/user/p/l/plancher/Desktop/6.111-Final-Project/Main_FPGA/xst/projnav.tmp


Total REAL time to Xst completion: 0.00 secs
Total CPU time to Xst completion: 0.04 secs
 
--> 
Parameter xsthdpdir set to /afs/athena.mit.edu/user/p/l/plancher/Desktop/6.111-Final-Project/Main_FPGA/xst


Total REAL time to Xst completion: 0.00 secs
Total CPU time to Xst completion: 0.04 secs
 
--> 
Reading design: labkit.prj

TABLE OF CONTENTS
  1) Synthesis Options Summary
  2) HDL Compilation
  3) Design Hierarchy Analysis
  4) HDL Analysis
  5) HDL Synthesis
     5.1) HDL Synthesis Report
  6) Advanced HDL Synthesis
     6.1) Advanced HDL Synthesis Report
  7) Low Level Synthesis
  8) Partition Report
  9) Final Report
     9.1) Device utilization summary
     9.2) Partition Resource Summary
     9.3) TIMING REPORT


=========================================================================
*                      Synthesis Options Summary                        *
=========================================================================
---- Source Parameters
Input File Name                    : "labkit.prj"
Input Format                       : mixed
Ignore Synthesis Constraint File   : NO

---- Target Parameters
Output File Name                   : "labkit"
Output Format                      : NGC
Target Device                      : xc2v6000-4-bf957

---- Source Options
Top Module Name                    : labkit
Automatic FSM Extraction           : YES
FSM Encoding Algorithm             : Auto
Safe Implementation                : No
FSM Style                          : lut
RAM Extraction                     : Yes
RAM Style                          : Auto
ROM Extraction                     : Yes
Mux Style                          : Auto
Decoder Extraction                 : YES
Priority Encoder Extraction        : YES
Shift Register Extraction          : YES
Logical Shifter Extraction         : YES
XOR Collapsing                     : YES
ROM Style                          : Auto
Mux Extraction                     : YES
Resource Sharing                   : YES
Asynchronous To Synchronous        : NO
Multiplier Style                   : auto
Automatic Register Balancing       : No

---- Target Options
Add IO Buffers                     : YES
Global Maximum Fanout              : 500
Add Generic Clock Buffer(BUFG)     : 16
Register Duplication               : YES
Slice Packing                      : YES
Optimize Instantiated Primitives   : NO
Convert Tristates To Logic         : Yes
Use Clock Enable                   : Yes
Use Synchronous Set                : Yes
Use Synchronous Reset              : Yes
Pack IO Registers into IOBs        : auto
Equivalent register Removal        : YES

---- General Options
Optimization Goal                  : Speed
Optimization Effort                : 1
Library Search Order               : labkit.lso
Keep Hierarchy                     : NO
Netlist Hierarchy                  : as_optimized
RTL Output                         : Yes
Global Optimization                : AllClockNets
Read Cores                         : YES
Write Timing Constraints           : NO
Cross Clock Analysis               : NO
Hierarchy Separator                : /
Bus Delimiter                      : <>
Case Specifier                     : maintain
Slice Utilization Ratio            : 100
BRAM Utilization Ratio             : 100
Verilog 2001                       : YES
Auto BRAM Packing                  : NO
Slice Utilization Ratio Delta      : 5

=========================================================================


=========================================================================
*                          HDL Compilation                              *
=========================================================================
Compiling verilog file "../Sources/Shared/edge_detect.v" in library work
Compiling verilog file "../Sources/Shared/debounce.v" in library work
Module <edge_detect> compiled
Compiling verilog file "../Sources/Main FPGA/xvga.v" in library work
Module <debounce> compiled
Compiling verilog file "../Sources/Main FPGA/run_HCSR04.v" in library work
Module <xvga> compiled
Compiling verilog file "../Sources/Main FPGA/display_8hex_labkit.v" in library work
Module <run_HCSR04> compiled
Compiling verilog file "../Sources/Main FPGA/labkit_mainFPGA.v" in library work
Module <display_16hex_labkit> compiled
Module <labkit> compiled
No errors in compilation
Analysis of file <"labkit.prj"> succeeded.
 

=========================================================================
*                     Design Hierarchy Analysis                         *
=========================================================================
Analyzing hierarchy for module <labkit> in library <work>.

Analyzing hierarchy for module <debounce> in library <work> with parameters.
	DELAY = "00000000000001000001111010110000"

Analyzing hierarchy for module <xvga> in library <work>.

Analyzing hierarchy for module <edge_detect> in library <work>.

Analyzing hierarchy for module <run_HCSR04> in library <work> with parameters.
	DISTANCE_MAX = "00000000000100000000000000000000"
	DISTANCE_OFFSET = "00000000000000000000000000000101"
	IDLE = "0000"
	NOTHING_FOUND = "11111111111111111111"
	POWER_CYCLE = "0100"
	POWER_CYCLE_TIME = "00000001100110111111110011000000"
	REPORT = "0101"
	TRIGGER = "0001"
	TRIGGER_TARGET = "00000000000000000000000100010011"
	WAIT_FOR0 = "0011"
	WAIT_FOR1 = "0010"

Analyzing hierarchy for module <display_16hex_labkit> in library <work>.

WARNING:Xst:2591 - "../Sources/Main FPGA/labkit_mainFPGA.v" line 382: attribute on instance <CLKFX_DIVIDE> overrides generic/parameter on entity. It is possible that simulator will not take this attribute into account.
WARNING:Xst:2591 - "../Sources/Main FPGA/labkit_mainFPGA.v" line 382: attribute on instance <CLKFX_MULTIPLY> overrides generic/parameter on entity. It is possible that simulator will not take this attribute into account.
WARNING:Xst:2591 - "../Sources/Main FPGA/labkit_mainFPGA.v" line 382: attribute on instance <CLKIN_PERIOD> overrides generic/parameter on entity. It is possible that simulator will not take this attribute into account.
WARNING:Xst:2591 - "../Sources/Main FPGA/labkit_mainFPGA.v" line 382: attribute on instance <CLK_FEEDBACK> overrides generic/parameter on entity. It is possible that simulator will not take this attribute into account.

=========================================================================
*                            HDL Analysis                               *
=========================================================================
Analyzing top module <labkit>.
Module <labkit> is correct for synthesis.
 
    Set user-defined property "INIT =  FFFF" for instance <reset_sr> in unit <labkit>.
    Set user-defined property "CLKDV_DIVIDE =  2.0000000000000000" for instance <vclk1> in unit <labkit>.
    Set user-defined property "CLKFX_DIVIDE =  10" for instance <vclk1> in unit <labkit>.
    Set user-defined property "CLKFX_MULTIPLY =  24" for instance <vclk1> in unit <labkit>.
    Set user-defined property "CLKIN_DIVIDE_BY_2 =  FALSE" for instance <vclk1> in unit <labkit>.
    Set user-defined property "CLKIN_PERIOD =  37.0000000000000000" for instance <vclk1> in unit <labkit>.
    Set user-defined property "CLKOUT_PHASE_SHIFT =  NONE" for instance <vclk1> in unit <labkit>.
    Set user-defined property "CLK_FEEDBACK =  NONE" for instance <vclk1> in unit <labkit>.
    Set user-defined property "DESKEW_ADJUST =  SYSTEM_SYNCHRONOUS" for instance <vclk1> in unit <labkit>.
    Set user-defined property "DFS_FREQUENCY_MODE =  LOW" for instance <vclk1> in unit <labkit>.
    Set user-defined property "DLL_FREQUENCY_MODE =  LOW" for instance <vclk1> in unit <labkit>.
    Set user-defined property "DSS_MODE =  NONE" for instance <vclk1> in unit <labkit>.
    Set user-defined property "DUTY_CYCLE_CORRECTION =  TRUE" for instance <vclk1> in unit <labkit>.
    Set user-defined property "FACTORY_JF =  C080" for instance <vclk1> in unit <labkit>.
    Set user-defined property "PHASE_SHIFT =  0" for instance <vclk1> in unit <labkit>.
    Set user-defined property "SIM_MODE =  SAFE" for instance <vclk1> in unit <labkit>.
    Set user-defined property "STARTUP_WAIT =  FALSE" for instance <vclk1> in unit <labkit>.
Analyzing module <debounce> in library <work>.
	DELAY = 32'sb00000000000001000001111010110000
Module <debounce> is correct for synthesis.
 
Analyzing module <xvga> in library <work>.
Module <xvga> is correct for synthesis.
 
Analyzing module <edge_detect> in library <work>.
Module <edge_detect> is correct for synthesis.
 
Analyzing module <run_HCSR04> in library <work>.
	DISTANCE_MAX = 32'sb00000000000100000000000000000000
	DISTANCE_OFFSET = 32'sb00000000000000000000000000000101
	IDLE = 4'b0000
	NOTHING_FOUND = 20'b11111111111111111111
	POWER_CYCLE = 4'b0100
	POWER_CYCLE_TIME = 32'sb00000001100110111111110011000000
	REPORT = 4'b0101
	TRIGGER = 4'b0001
	TRIGGER_TARGET = 32'sb00000000000000000000000100010011
	WAIT_FOR0 = 4'b0011
	WAIT_FOR1 = 4'b0010
Module <run_HCSR04> is correct for synthesis.
 
Analyzing module <display_16hex_labkit> in library <work>.
INFO:Xst:1433 - Contents of array <dots> may be accessed with an index that exceeds the array size. This could cause simulation mismatch.
Module <display_16hex_labkit> is correct for synthesis.
 

=========================================================================
*                           HDL Synthesis                               *
=========================================================================

Performing bidirectional port resolution...
INFO:Xst:2561 - Always blocking tristate driving signal <flash_data> in unit <labkit> is removed.
INFO:Xst:2561 - Always blocking tristate driving signal <ram0_data> in unit <labkit> is removed.
INFO:Xst:2561 - Always blocking tristate driving signal <user2> in unit <labkit> is removed.
INFO:Xst:2561 - Always blocking tristate driving signal <user3> in unit <labkit> is removed.
INFO:Xst:2561 - Always blocking tristate driving signal <user4> in unit <labkit> is removed.
INFO:Xst:2561 - Always blocking tristate driving signal <ram1_data> in unit <labkit> is removed.
INFO:Xst:2561 - Always blocking tristate driving signal <daughtercard> in unit <labkit> is removed.
INFO:Xst:2561 - Always blocking tristate driving signal <systemace_data> in unit <labkit> is removed.
INFO:Xst:2561 - Always blocking tristate driving signal <tv_in_i2c_data> in unit <labkit> is removed.

Synthesizing Unit <debounce>.
    Related source file is "../Sources/Shared/debounce.v".
    Found 1-bit register for signal <clean>.
    Found 19-bit up counter for signal <count>.
    Found 1-bit xor2 for signal <count$xor0000> created at line 19.
    Found 1-bit register for signal <new>.
    Summary:
	inferred   1 Counter(s).
	inferred   2 D-type flip-flop(s).
Unit <debounce> synthesized.


Synthesizing Unit <xvga>.
    Related source file is "../Sources/Main FPGA/xvga.v".
    Found 10-bit up counter for signal <vcount>.
    Found 1-bit register for signal <vsync>.
    Found 11-bit up counter for signal <hcount>.
    Found 1-bit register for signal <blank>.
    Found 1-bit register for signal <hsync>.
    Found 1-bit register for signal <hblank>.
    Found 1-bit register for signal <vblank>.
    Summary:
	inferred   2 Counter(s).
	inferred   5 D-type flip-flop(s).
Unit <xvga> synthesized.


Synthesizing Unit <edge_detect>.
    Related source file is "../Sources/Shared/edge_detect.v".
    Found 1-bit register for signal <out>.
    Found 1-bit register for signal <prev_in>.
    Summary:
	inferred   2 D-type flip-flop(s).
Unit <edge_detect> synthesized.


Synthesizing Unit <run_HCSR04>.
    Related source file is "../Sources/Main FPGA/run_HCSR04.v".
WARNING:Xst:647 - Input <curr_ultrasound<3>> is never used. This port will be preserved and left unconnected if it belongs to a top-level block or it belongs to a sub-block and the hierarchy of this sub-block is preserved.
    Found 4-bit register for signal <state>.
    Found 6-bit register for signal <ultrasound_trigger>.
    Found 1-bit register for signal <done>.
    Found 6-bit register for signal <ultrasound_power>.
    Found 8-bit register for signal <rover_distance>.
    Found 20-bit register for signal <distance_count>.
    Found 20-bit adder for signal <distance_count$addsub0000> created at line 112.
    Found 26-bit register for signal <power_cycle_timer>.
    Found 26-bit adder for signal <power_cycle_timer$addsub0000> created at line 125.
    Found 8-bit adder for signal <rover_distance$add0000> created at line 132.
    Found 9-bit register for signal <trigger_count>.
    Found 9-bit adder for signal <trigger_count$addsub0000> created at line 82.
    Summary:
	inferred  80 D-type flip-flop(s).
	inferred   4 Adder/Subtractor(s).
	inferred   1 Multiplexer(s).
Unit <run_HCSR04> synthesized.


Synthesizing Unit <display_16hex_labkit>.
    Related source file is "../Sources/Main FPGA/display_8hex_labkit.v".
    Found finite state machine <FSM_0> for signal <state>.
    -----------------------------------------------------------------------
    | States             | 7                                              |
    | Transitions        | 11                                             |
    | Inputs             | 3                                              |
    | Outputs            | 7                                              |
    | Clock              | clock (rising_edge)                            |
    | Reset              | dreset (positive)                              |
    | Reset type         | synchronous                                    |
    | Reset State        | 00000000                                       |
    | Encoding           | automatic                                      |
    | Implementation     | LUT                                            |
    -----------------------------------------------------------------------
    Found 16x40-bit ROM for signal <dots>.
    Found 1-bit register for signal <disp_ce_b>.
    Found 1-bit register for signal <disp_data_out>.
    Found 1-bit register for signal <disp_rs>.
    Found 1-bit register for signal <disp_reset_b>.
    Found 1-bit 40-to-1 multiplexer for signal <$varindex0000> created at line 160.
    Found 4-bit register for signal <char_index>.
    Found 4-bit subtractor for signal <char_index$addsub0000> created at line 166.
    Found 1-bit register for signal <clock>.
    Found 32-bit register for signal <control>.
    Found 5-bit up counter for signal <count>.
    Found 10-bit register for signal <dot_index>.
    Found 10-bit addsub for signal <dot_index$share0000> created at line 95.
    Found 4-bit 16-to-1 multiplexer for signal <nibble>.
    Found 8-bit down counter for signal <reset_count>.
    Summary:
	inferred   1 Finite State Machine(s).
	inferred   1 ROM(s).
	inferred   2 Counter(s).
	inferred  51 D-type flip-flop(s).
	inferred   2 Adder/Subtractor(s).
	inferred   5 Multiplexer(s).
Unit <display_16hex_labkit> synthesized.


Synthesizing Unit <labkit>.
    Related source file is "../Sources/Main FPGA/labkit_mainFPGA.v".
WARNING:Xst:2565 - Inout <user3<28>> is never assigned.
WARNING:Xst:2565 - Inout <user3<4>> is never assigned.
WARNING:Xst:2565 - Inout <user3<29>> is never assigned.
WARNING:Xst:2565 - Inout <user3<5>> is never assigned.
WARNING:Xst:647 - Input <button0> is never used. This port will be preserved and left unconnected if it belongs to a top-level block or it belongs to a sub-block and the hierarchy of this sub-block is preserved.
WARNING:Xst:2565 - Inout <user3<6>> is never assigned.
WARNING:Xst:2565 - Inout <user3<7>> is never assigned.
WARNING:Xst:2565 - Inout <user3<8>> is never assigned.
WARNING:Xst:2565 - Inout <user3<9>> is never assigned.
WARNING:Xst:2565 - Inout <daughtercard<10>> is never assigned.
WARNING:Xst:2565 - Inout <flash_data<10>> is never assigned.
WARNING:Xst:2565 - Inout <daughtercard<11>> is never assigned.
WARNING:Xst:2565 - Inout <flash_data<11>> is never assigned.
WARNING:Xst:647 - Input <clock1> is never used. This port will be preserved and left unconnected if it belongs to a top-level block or it belongs to a sub-block and the hierarchy of this sub-block is preserved.
WARNING:Xst:647 - Input <clock2> is never used. This port will be preserved and left unconnected if it belongs to a top-level block or it belongs to a sub-block and the hierarchy of this sub-block is preserved.
WARNING:Xst:2565 - Inout <daughtercard<12>> is never assigned.
WARNING:Xst:2565 - Inout <flash_data<12>> is never assigned.
WARNING:Xst:2565 - Inout <daughtercard<13>> is never assigned.
WARNING:Xst:2565 - Inout <flash_data<13>> is never assigned.
WARNING:Xst:647 - Input <tv_in_aef> is never used. This port will be preserved and left unconnected if it belongs to a top-level block or it belongs to a sub-block and the hierarchy of this sub-block is preserved.
WARNING:Xst:2565 - Inout <daughtercard<14>> is never assigned.
WARNING:Xst:2565 - Inout <flash_data<14>> is never assigned.
WARNING:Xst:647 - Input <tv_in_aff> is never used. This port will be preserved and left unconnected if it belongs to a top-level block or it belongs to a sub-block and the hierarchy of this sub-block is preserved.
WARNING:Xst:2565 - Inout <daughtercard<15>> is never assigned.
WARNING:Xst:2565 - Inout <daughtercard<20>> is never assigned.
WARNING:Xst:2565 - Inout <flash_data<15>> is never assigned.
WARNING:Xst:2565 - Inout <daughtercard<21>> is never assigned.
WARNING:Xst:2565 - Inout <daughtercard<16>> is never assigned.
WARNING:Xst:2565 - Inout <daughtercard<22>> is never assigned.
WARNING:Xst:2565 - Inout <daughtercard<17>> is never assigned.
WARNING:Xst:647 - Input <systemace_irq> is never used. This port will be preserved and left unconnected if it belongs to a top-level block or it belongs to a sub-block and the hierarchy of this sub-block is preserved.
WARNING:Xst:2565 - Inout <daughtercard<18>> is never assigned.
WARNING:Xst:2565 - Inout <daughtercard<23>> is never assigned.
WARNING:Xst:2565 - Inout <flash_data<0>> is never assigned.
WARNING:Xst:647 - Input <clock_feedback_in> is never used. This port will be preserved and left unconnected if it belongs to a top-level block or it belongs to a sub-block and the hierarchy of this sub-block is preserved.
WARNING:Xst:2565 - Inout <daughtercard<19>> is never assigned.
WARNING:Xst:2565 - Inout <daughtercard<24>> is never assigned.
WARNING:Xst:2565 - Inout <flash_data<1>> is never assigned.
WARNING:Xst:647 - Input <disp_data_in> is never used. This port will be preserved and left unconnected if it belongs to a top-level block or it belongs to a sub-block and the hierarchy of this sub-block is preserved.
WARNING:Xst:2565 - Inout <user2<10>> is never assigned.
WARNING:Xst:2565 - Inout <daughtercard<25>> is never assigned.
WARNING:Xst:2565 - Inout <daughtercard<30>> is never assigned.
WARNING:Xst:2565 - Inout <flash_data<2>> is never assigned.
WARNING:Xst:2565 - Inout <user2<11>> is never assigned.
WARNING:Xst:2565 - Inout <daughtercard<31>> is never assigned.
WARNING:Xst:2565 - Inout <daughtercard<26>> is never assigned.
WARNING:Xst:2565 - Inout <flash_data<3>> is never assigned.
WARNING:Xst:2565 - Inout <user2<12>> is never assigned.
WARNING:Xst:2565 - Inout <daughtercard<32>> is never assigned.
WARNING:Xst:2565 - Inout <daughtercard<27>> is never assigned.
WARNING:Xst:2565 - Inout <flash_data<4>> is never assigned.
WARNING:Xst:2565 - Inout <user2<13>> is never assigned.
WARNING:Xst:2565 - Inout <daughtercard<33>> is never assigned.
WARNING:Xst:2565 - Inout <daughtercard<28>> is never assigned.
WARNING:Xst:2565 - Inout <flash_data<5>> is never assigned.
WARNING:Xst:2565 - Inout <user4<0>> is never assigned.
WARNING:Xst:2565 - Inout <user2<14>> is never assigned.
WARNING:Xst:2565 - Inout <daughtercard<34>> is never assigned.
WARNING:Xst:2565 - Inout <daughtercard<29>> is never assigned.
WARNING:Xst:2565 - Inout <flash_data<6>> is never assigned.
WARNING:Xst:2565 - Inout <user4<1>> is never assigned.
WARNING:Xst:2565 - Inout <user2<15>> is never assigned.
WARNING:Xst:2565 - Inout <user2<20>> is never assigned.
WARNING:Xst:2565 - Inout <daughtercard<40>> is never assigned.
WARNING:Xst:2565 - Inout <daughtercard<35>> is never assigned.
WARNING:Xst:2565 - Inout <flash_data<7>> is never assigned.
WARNING:Xst:2565 - Inout <user4<2>> is never assigned.
WARNING:Xst:2565 - Inout <user2<21>> is never assigned.
WARNING:Xst:2565 - Inout <user2<16>> is never assigned.
WARNING:Xst:2565 - Inout <daughtercard<41>> is never assigned.
WARNING:Xst:2565 - Inout <daughtercard<36>> is never assigned.
WARNING:Xst:2565 - Inout <flash_data<8>> is never assigned.
WARNING:Xst:2565 - Inout <user4<3>> is never assigned.
WARNING:Xst:2565 - Inout <user2<17>> is never assigned.
WARNING:Xst:2565 - Inout <user2<22>> is never assigned.
WARNING:Xst:2565 - Inout <daughtercard<37>> is never assigned.
WARNING:Xst:2565 - Inout <daughtercard<42>> is never assigned.
WARNING:Xst:2565 - Inout <flash_data<9>> is never assigned.
WARNING:Xst:2565 - Inout <user4<4>> is never assigned.
WARNING:Xst:2565 - Inout <user2<23>> is never assigned.
WARNING:Xst:2565 - Inout <user2<18>> is never assigned.
WARNING:Xst:647 - Input <keyboard_clock> is never used. This port will be preserved and left unconnected if it belongs to a top-level block or it belongs to a sub-block and the hierarchy of this sub-block is preserved.
WARNING:Xst:2565 - Inout <daughtercard<38>> is never assigned.
WARNING:Xst:2565 - Inout <daughtercard<43>> is never assigned.
WARNING:Xst:2565 - Inout <user4<5>> is never assigned.
WARNING:Xst:2565 - Inout <user2<24>> is never assigned.
WARNING:Xst:2565 - Inout <user2<19>> is never assigned.
WARNING:Xst:2565 - Inout <daughtercard<39>> is never assigned.
WARNING:Xst:2565 - Inout <tv_in_i2c_data> is never assigned.
WARNING:Xst:2565 - Inout <user4<6>> is never assigned.
WARNING:Xst:2565 - Inout <user2<30>> is never assigned.
WARNING:Xst:2565 - Inout <user2<25>> is never assigned.
WARNING:Xst:2565 - Inout <user4<7>> is never assigned.
WARNING:Xst:2565 - Inout <user2<26>> is never assigned.
WARNING:Xst:2565 - Inout <user2<31>> is never assigned.
WARNING:Xst:647 - Input <flash_sts> is never used. This port will be preserved and left unconnected if it belongs to a top-level block or it belongs to a sub-block and the hierarchy of this sub-block is preserved.
WARNING:Xst:2565 - Inout <user4<8>> is never assigned.
WARNING:Xst:647 - Input <rs232_rxd> is never used. This port will be preserved and left unconnected if it belongs to a top-level block or it belongs to a sub-block and the hierarchy of this sub-block is preserved.
WARNING:Xst:2565 - Inout <user2<27>> is never assigned.
WARNING:Xst:2565 - Inout <user4<9>> is never assigned.
WARNING:Xst:2565 - Inout <user2<28>> is never assigned.
WARNING:Xst:647 - Input <mouse_data> is never used. This port will be preserved and left unconnected if it belongs to a top-level block or it belongs to a sub-block and the hierarchy of this sub-block is preserved.
WARNING:Xst:647 - Input <rs232_cts> is never used. This port will be preserved and left unconnected if it belongs to a top-level block or it belongs to a sub-block and the hierarchy of this sub-block is preserved.
WARNING:Xst:2565 - Inout <user2<29>> is never assigned.
WARNING:Xst:2565 - Inout <daughtercard<0>> is never assigned.
WARNING:Xst:2565 - Inout <user4<10>> is never assigned.
WARNING:Xst:2565 - Inout <daughtercard<1>> is never assigned.
WARNING:Xst:647 - Input <switch<7:4>> is never used. This port will be preserved and left unconnected if it belongs to a top-level block or it belongs to a sub-block and the hierarchy of this sub-block is preserved.
WARNING:Xst:2565 - Inout <user4<11>> is never assigned.
WARNING:Xst:2565 - Inout <daughtercard<2>> is never assigned.
WARNING:Xst:2565 - Inout <user4<12>> is never assigned.
WARNING:Xst:2565 - Inout <daughtercard<3>> is never assigned.
WARNING:Xst:2565 - Inout <user4<13>> is never assigned.
WARNING:Xst:2565 - Inout <daughtercard<4>> is never assigned.
WARNING:Xst:2565 - Inout <user4<14>> is never assigned.
WARNING:Xst:2565 - Inout <daughtercard<5>> is never assigned.
WARNING:Xst:2565 - Inout <user4<20>> is never assigned.
WARNING:Xst:2565 - Inout <user4<15>> is never assigned.
WARNING:Xst:2565 - Inout <daughtercard<6>> is never assigned.
WARNING:Xst:2565 - Inout <ram0_data<0>> is never assigned.
WARNING:Xst:2565 - Inout <user4<16>> is never assigned.
WARNING:Xst:2565 - Inout <user4<21>> is never assigned.
WARNING:Xst:2565 - Inout <ram1_data<10>> is never assigned.
WARNING:Xst:2565 - Inout <daughtercard<7>> is never assigned.
WARNING:Xst:2565 - Inout <ram0_data<1>> is never assigned.
WARNING:Xst:2565 - Inout <user4<22>> is never assigned.
WARNING:Xst:2565 - Inout <user4<17>> is never assigned.
WARNING:Xst:2565 - Inout <ram1_data<11>> is never assigned.
WARNING:Xst:2565 - Inout <daughtercard<8>> is never assigned.
WARNING:Xst:2565 - Inout <ram0_data<2>> is never assigned.
WARNING:Xst:2565 - Inout <user4<23>> is never assigned.
WARNING:Xst:2565 - Inout <user4<18>> is never assigned.
WARNING:Xst:647 - Input <button_left> is never used. This port will be preserved and left unconnected if it belongs to a top-level block or it belongs to a sub-block and the hierarchy of this sub-block is preserved.
WARNING:Xst:2565 - Inout <ram1_data<12>> is never assigned.
WARNING:Xst:2565 - Inout <daughtercard<9>> is never assigned.
WARNING:Xst:2565 - Inout <ram0_data<3>> is never assigned.
WARNING:Xst:2565 - Inout <user4<19>> is never assigned.
WARNING:Xst:2565 - Inout <user4<24>> is never assigned.
WARNING:Xst:2565 - Inout <ram1_data<13>> is never assigned.
WARNING:Xst:2565 - Inout <systemace_data<0>> is never assigned.
WARNING:Xst:2565 - Inout <ram0_data<4>> is never assigned.
WARNING:Xst:2565 - Inout <user4<30>> is never assigned.
WARNING:Xst:2565 - Inout <user4<25>> is never assigned.
WARNING:Xst:2565 - Inout <ram1_data<14>> is never assigned.
WARNING:Xst:2565 - Inout <systemace_data<1>> is never assigned.
WARNING:Xst:2565 - Inout <ram0_data<5>> is never assigned.
WARNING:Xst:2565 - Inout <user4<26>> is never assigned.
WARNING:Xst:2565 - Inout <user4<31>> is never assigned.
WARNING:Xst:2565 - Inout <ram1_data<20>> is never assigned.
WARNING:Xst:2565 - Inout <systemace_data<2>> is never assigned.
WARNING:Xst:2565 - Inout <ram1_data<15>> is never assigned.
WARNING:Xst:2565 - Inout <ram0_data<6>> is never assigned.
WARNING:Xst:2565 - Inout <user4<27>> is never assigned.
WARNING:Xst:2565 - Inout <systemace_data<3>> is never assigned.
WARNING:Xst:2565 - Inout <ram1_data<16>> is never assigned.
WARNING:Xst:2565 - Inout <ram1_data<21>> is never assigned.
WARNING:Xst:2565 - Inout <ram0_data<7>> is never assigned.
WARNING:Xst:647 - Input <tv_in_data_valid> is never used. This port will be preserved and left unconnected if it belongs to a top-level block or it belongs to a sub-block and the hierarchy of this sub-block is preserved.
WARNING:Xst:2565 - Inout <user4<28>> is never assigned.
WARNING:Xst:2565 - Inout <ram1_data<22>> is never assigned.
WARNING:Xst:2565 - Inout <systemace_data<4>> is never assigned.
WARNING:Xst:2565 - Inout <ram1_data<17>> is never assigned.
WARNING:Xst:647 - Input <tv_in_hff> is never used. This port will be preserved and left unconnected if it belongs to a top-level block or it belongs to a sub-block and the hierarchy of this sub-block is preserved.
WARNING:Xst:2565 - Inout <ram0_data<8>> is never assigned.
WARNING:Xst:2565 - Inout <user4<29>> is never assigned.
WARNING:Xst:2565 - Inout <ram1_data<23>> is never assigned.
WARNING:Xst:2565 - Inout <systemace_data<5>> is never assigned.
WARNING:Xst:2565 - Inout <ram1_data<18>> is never assigned.
WARNING:Xst:2565 - Inout <ram0_data<9>> is never assigned.
WARNING:Xst:2565 - Inout <user2<0>> is never assigned.
WARNING:Xst:647 - Input <tv_in_ycrcb> is never used. This port will be preserved and left unconnected if it belongs to a top-level block or it belongs to a sub-block and the hierarchy of this sub-block is preserved.
WARNING:Xst:2565 - Inout <ram0_data<10>> is never assigned.
WARNING:Xst:2565 - Inout <ram1_data<24>> is never assigned.
WARNING:Xst:2565 - Inout <systemace_data<6>> is never assigned.
WARNING:Xst:2565 - Inout <ram1_data<19>> is never assigned.
WARNING:Xst:2565 - Inout <user2<1>> is never assigned.
WARNING:Xst:2565 - Inout <ram0_data<11>> is never assigned.
WARNING:Xst:2565 - Inout <systemace_data<7>> is never assigned.
WARNING:Xst:2565 - Inout <ram1_data<25>> is never assigned.
WARNING:Xst:2565 - Inout <ram1_data<30>> is never assigned.
WARNING:Xst:2565 - Inout <user2<2>> is never assigned.
WARNING:Xst:2565 - Inout <ram0_data<12>> is never assigned.
WARNING:Xst:2565 - Inout <ram1_data<31>> is never assigned.
WARNING:Xst:2565 - Inout <systemace_data<8>> is never assigned.
WARNING:Xst:2565 - Inout <ram1_data<26>> is never assigned.
WARNING:Xst:2565 - Inout <user2<3>> is never assigned.
WARNING:Xst:2565 - Inout <ram0_data<13>> is never assigned.
WARNING:Xst:2565 - Inout <ram1_data<32>> is never assigned.
WARNING:Xst:2565 - Inout <systemace_data<9>> is never assigned.
WARNING:Xst:2565 - Inout <ram1_data<27>> is never assigned.
WARNING:Xst:2565 - Inout <user2<4>> is never assigned.
WARNING:Xst:2565 - Inout <ram0_data<14>> is never assigned.
WARNING:Xst:647 - Input <tv_in_line_clock1> is never used. This port will be preserved and left unconnected if it belongs to a top-level block or it belongs to a sub-block and the hierarchy of this sub-block is preserved.
WARNING:Xst:2565 - Inout <ram1_data<28>> is never assigned.
WARNING:Xst:2565 - Inout <ram1_data<33>> is never assigned.
WARNING:Xst:647 - Input <tv_in_line_clock2> is never used. This port will be preserved and left unconnected if it belongs to a top-level block or it belongs to a sub-block and the hierarchy of this sub-block is preserved.
WARNING:Xst:2565 - Inout <ram1_data<0>> is never assigned.
WARNING:Xst:2565 - Inout <user2<5>> is never assigned.
WARNING:Xst:2565 - Inout <ram0_data<20>> is never assigned.
WARNING:Xst:2565 - Inout <ram0_data<15>> is never assigned.
WARNING:Xst:2565 - Inout <ram1_data<29>> is never assigned.
WARNING:Xst:2565 - Inout <ram1_data<34>> is never assigned.
WARNING:Xst:647 - Input <keyboard_data> is never used. This port will be preserved and left unconnected if it belongs to a top-level block or it belongs to a sub-block and the hierarchy of this sub-block is preserved.
WARNING:Xst:2565 - Inout <ram1_data<1>> is never assigned.
WARNING:Xst:2565 - Inout <user2<6>> is never assigned.
WARNING:Xst:2565 - Inout <ram0_data<21>> is never assigned.
WARNING:Xst:2565 - Inout <ram0_data<16>> is never assigned.
WARNING:Xst:2565 - Inout <ram1_data<35>> is never assigned.
WARNING:Xst:2565 - Inout <ram1_data<2>> is never assigned.
WARNING:Xst:2565 - Inout <user2<7>> is never assigned.
WARNING:Xst:2565 - Inout <ram0_data<22>> is never assigned.
WARNING:Xst:2565 - Inout <ram0_data<17>> is never assigned.
WARNING:Xst:2565 - Inout <ram1_data<3>> is never assigned.
WARNING:Xst:2565 - Inout <systemace_data<10>> is never assigned.
WARNING:Xst:2565 - Inout <user2<8>> is never assigned.
WARNING:Xst:2565 - Inout <ram0_data<23>> is never assigned.
WARNING:Xst:2565 - Inout <ram0_data<18>> is never assigned.
WARNING:Xst:647 - Input <ac97_sdata_in> is never used. This port will be preserved and left unconnected if it belongs to a top-level block or it belongs to a sub-block and the hierarchy of this sub-block is preserved.
WARNING:Xst:2565 - Inout <ram1_data<4>> is never assigned.
WARNING:Xst:2565 - Inout <systemace_data<11>> is never assigned.
WARNING:Xst:2565 - Inout <user2<9>> is never assigned.
WARNING:Xst:2565 - Inout <user1<30>> is never assigned.
WARNING:Xst:2565 - Inout <ram0_data<24>> is never assigned.
WARNING:Xst:2565 - Inout <ram0_data<19>> is never assigned.
WARNING:Xst:2565 - Inout <ram1_data<5>> is never assigned.
WARNING:Xst:2565 - Inout <systemace_data<12>> is never assigned.
WARNING:Xst:2565 - Inout <ram0_data<25>> is never assigned.
WARNING:Xst:2565 - Inout <ram0_data<30>> is never assigned.
WARNING:Xst:2565 - Inout <ram1_data<6>> is never assigned.
WARNING:Xst:2565 - Inout <systemace_data<13>> is never assigned.
WARNING:Xst:2565 - Inout <ram0_data<31>> is never assigned.
WARNING:Xst:2565 - Inout <ram0_data<26>> is never assigned.
WARNING:Xst:2565 - Inout <ram1_data<7>> is never assigned.
WARNING:Xst:2565 - Inout <systemace_data<14>> is never assigned.
WARNING:Xst:2565 - Inout <ram0_data<32>> is never assigned.
WARNING:Xst:2565 - Inout <ram0_data<27>> is never assigned.
WARNING:Xst:2565 - Inout <ram1_data<8>> is never assigned.
WARNING:Xst:2565 - Inout <systemace_data<15>> is never assigned.
WARNING:Xst:2565 - Inout <ram0_data<28>> is never assigned.
WARNING:Xst:2565 - Inout <ram0_data<33>> is never assigned.
WARNING:Xst:647 - Input <systemace_mpbrdy> is never used. This port will be preserved and left unconnected if it belongs to a top-level block or it belongs to a sub-block and the hierarchy of this sub-block is preserved.
WARNING:Xst:2565 - Inout <ram1_data<9>> is never assigned.
WARNING:Xst:647 - Input <button_right> is never used. This port will be preserved and left unconnected if it belongs to a top-level block or it belongs to a sub-block and the hierarchy of this sub-block is preserved.
WARNING:Xst:2565 - Inout <ram0_data<34>> is never assigned.
WARNING:Xst:2565 - Inout <ram0_data<29>> is never assigned.
WARNING:Xst:647 - Input <button_down> is never used. This port will be preserved and left unconnected if it belongs to a top-level block or it belongs to a sub-block and the hierarchy of this sub-block is preserved.
WARNING:Xst:2565 - Inout <ram0_data<35>> is never assigned.
WARNING:Xst:2565 - Inout <user3<10>> is never assigned.
WARNING:Xst:647 - Input <mouse_clock> is never used. This port will be preserved and left unconnected if it belongs to a top-level block or it belongs to a sub-block and the hierarchy of this sub-block is preserved.
WARNING:Xst:2565 - Inout <user3<11>> is never assigned.
WARNING:Xst:2565 - Inout <user3<12>> is never assigned.
WARNING:Xst:2565 - Inout <user3<13>> is never assigned.
WARNING:Xst:647 - Input <ac97_bit_clock> is never used. This port will be preserved and left unconnected if it belongs to a top-level block or it belongs to a sub-block and the hierarchy of this sub-block is preserved.
WARNING:Xst:2565 - Inout <user3<14>> is never assigned.
WARNING:Xst:2565 - Inout <user3<20>> is never assigned.
WARNING:Xst:2565 - Inout <user3<15>> is never assigned.
WARNING:Xst:2565 - Inout <user3<21>> is never assigned.
WARNING:Xst:2565 - Inout <user3<16>> is never assigned.
WARNING:Xst:2565 - Inout <user3<22>> is never assigned.
WARNING:Xst:2565 - Inout <user3<17>> is never assigned.
WARNING:Xst:2565 - Inout <user3<23>> is never assigned.
WARNING:Xst:2565 - Inout <user3<18>> is never assigned.
WARNING:Xst:1306 - Output <led> is never assigned.
WARNING:Xst:2565 - Inout <user3<24>> is never assigned.
WARNING:Xst:2565 - Inout <user3<19>> is never assigned.
WARNING:Xst:2565 - Inout <user3<0>> is never assigned.
WARNING:Xst:647 - Input <button_up> is never used. This port will be preserved and left unconnected if it belongs to a top-level block or it belongs to a sub-block and the hierarchy of this sub-block is preserved.
WARNING:Xst:2565 - Inout <user3<30>> is never assigned.
WARNING:Xst:2565 - Inout <user3<25>> is never assigned.
WARNING:Xst:2565 - Inout <user3<1>> is never assigned.
WARNING:Xst:2565 - Inout <user3<26>> is never assigned.
WARNING:Xst:2565 - Inout <user3<31>> is never assigned.
WARNING:Xst:2565 - Inout <user3<2>> is never assigned.
WARNING:Xst:2565 - Inout <user3<27>> is never assigned.
WARNING:Xst:2565 - Inout <user3<3>> is never assigned.
WARNING:Xst:646 - Signal <vsync> is assigned but never used. This unconnected signal will be trimmed during the optimization process.
WARNING:Xst:646 - Signal <vcount> is assigned but never used. This unconnected signal will be trimmed during the optimization process.
WARNING:Xst:646 - Signal <ultrasound_signals<9:6>> is assigned but never used. This unconnected signal will be trimmed during the optimization process.
WARNING:Xst:653 - Signal <ultrasound_power<9:6>> is used but never assigned. This sourceless signal will be automatically connected to value 0000.
WARNING:Xst:1780 - Signal <ultrasound_done> is never used or assigned. This unconnected signal will be trimmed during the optimization process.
WARNING:Xst:653 - Signal <ultrasound_commands<9:6>> is used but never assigned. This sourceless signal will be automatically connected to value 0000.
WARNING:Xst:1780 - Signal <transmit_ir> is never used or assigned. This unconnected signal will be trimmed during the optimization process.
WARNING:Xst:653 - Signal <test_curr_ultrasound> is used but never assigned. This sourceless signal will be automatically connected to value 0000.
WARNING:Xst:646 - Signal <target_switches> is assigned but never used. This unconnected signal will be trimmed during the optimization process.
WARNING:Xst:1780 - Signal <target_location> is never used or assigned. This unconnected signal will be trimmed during the optimization process.
WARNING:Xst:646 - Signal <run_us_full> is assigned but never used. This unconnected signal will be trimmed during the optimization process.
WARNING:Xst:646 - Signal <run_us_3> is assigned but never used. This unconnected signal will be trimmed during the optimization process.
WARNING:Xst:1780 - Signal <run_ultrasound> is never used or assigned. This unconnected signal will be trimmed during the optimization process.
WARNING:Xst:1780 - Signal <rover_orientation> is never used or assigned. This unconnected signal will be trimmed during the optimization process.
WARNING:Xst:1780 - Signal <rover_location> is never used or assigned. This unconnected signal will be trimmed during the optimization process.
WARNING:Xst:653 - Signal <rover_loc_full> is used but never assigned. This sourceless signal will be automatically connected to value 000000000000.
WARNING:Xst:653 - Signal <rover_distance_t_3> is used but never assigned. This sourceless signal will be automatically connected to value 00000000.
WARNING:Xst:1780 - Signal <reached_target> is never used or assigned. This unconnected signal will be trimmed during the optimization process.
WARNING:Xst:653 - Signal <pvsync> is used but never assigned. This sourceless signal will be automatically connected to value 0.
WARNING:Xst:653 - Signal <pixel> is used but never assigned. This sourceless signal will be automatically connected to value 000000000000000000000000.
WARNING:Xst:653 - Signal <phsync> is used but never assigned. This sourceless signal will be automatically connected to value 0.
WARNING:Xst:653 - Signal <pblank> is used but never assigned. This sourceless signal will be automatically connected to value 0.
WARNING:Xst:1780 - Signal <orientation_done> is never used or assigned. This unconnected signal will be trimmed during the optimization process.
WARNING:Xst:1780 - Signal <move_command> is never used or assigned. This unconnected signal will be trimmed during the optimization process.
WARNING:Xst:646 - Signal <master_on> is assigned but never used. This unconnected signal will be trimmed during the optimization process.
WARNING:Xst:653 - Signal <ir_signal> is used but never assigned. This sourceless signal will be automatically connected to value 0.
WARNING:Xst:646 - Signal <hsync> is assigned but never used. This unconnected signal will be trimmed during the optimization process.
WARNING:Xst:653 - Signal <hcsr04_state_full> is used but never assigned. This sourceless signal will be automatically connected to value 0000.
WARNING:Xst:653 - Signal <hcsr04_state_3> is used but never assigned. This sourceless signal will be automatically connected to value 0000.
WARNING:Xst:653 - Signal <hcsr04_done_full> is used but never assigned. This sourceless signal will be automatically connected to value 0.
WARNING:Xst:653 - Signal <hcsr04_done_3> is used but never assigned. This sourceless signal will be automatically connected to value 0.
WARNING:Xst:646 - Signal <hcount> is assigned but never used. This unconnected signal will be trimmed during the optimization process.
WARNING:Xst:1780 - Signal <db_switch<7:4>> is never used or assigned. This unconnected signal will be trimmed during the optimization process.
WARNING:Xst:1780 - Signal <btnU_db> is never used or assigned. This unconnected signal will be trimmed during the optimization process.
WARNING:Xst:1780 - Signal <btnR_db> is never used or assigned. This unconnected signal will be trimmed during the optimization process.
WARNING:Xst:1780 - Signal <btnL_db> is never used or assigned. This unconnected signal will be trimmed during the optimization process.
WARNING:Xst:1780 - Signal <btnD_db> is never used or assigned. This unconnected signal will be trimmed during the optimization process.
WARNING:Xst:1780 - Signal <btn0_db> is never used or assigned. This unconnected signal will be trimmed during the optimization process.
WARNING:Xst:646 - Signal <blank> is assigned but never used. This unconnected signal will be trimmed during the optimization process.
    Found 64-bit register for signal <my_hex_data>.
    Summary:
	inferred  64 D-type flip-flop(s).
Unit <labkit> synthesized.

INFO:Xst:1767 - HDL ADVISOR - Resource sharing has identified that some arithmetic operations in this design can share the same physical resources for reduced device utilization. For improved clock frequency you may try to disable resource sharing.
WARNING:Xst:524 - All outputs of the instance <e1> of the block <edge_detect> are unconnected in block <labkit>.
   This instance will be removed from the design along with all underlying logic
WARNING:Xst:524 - All outputs of the instance <ed1> of the block <edge_detect> are unconnected in block <labkit>.
   This instance will be removed from the design along with all underlying logic
WARNING:Xst:524 - All outputs of the instance <ed2> of the block <edge_detect> are unconnected in block <labkit>.
   This instance will be removed from the design along with all underlying logic

=========================================================================
HDL Synthesis Report

Macro Statistics
# ROMs                                                 : 1
 16x40-bit ROM                                         : 1
# Adders/Subtractors                                   : 6
 10-bit addsub                                         : 1
 20-bit adder                                          : 1
 26-bit adder                                          : 1
 4-bit subtractor                                      : 1
 8-bit adder                                           : 1
 9-bit adder                                           : 1
# Counters                                             : 12
 10-bit up counter                                     : 1
 11-bit up counter                                     : 1
 19-bit up counter                                     : 8
 5-bit up counter                                      : 1
 8-bit down counter                                    : 1
# Registers                                            : 50
 1-bit register                                        : 41
 10-bit register                                       : 1
 20-bit register                                       : 1
 26-bit register                                       : 1
 32-bit register                                       : 1
 4-bit register                                        : 2
 64-bit register                                       : 1
 8-bit register                                        : 1
 9-bit register                                        : 1
# Multiplexers                                         : 3
 1-bit 40-to-1 multiplexer                             : 1
 1-bit 6-to-1 multiplexer                              : 1
 4-bit 16-to-1 multiplexer                             : 1
# Xors                                                 : 8
 1-bit xor2                                            : 8

=========================================================================

=========================================================================
*                       Advanced HDL Synthesis                          *
=========================================================================

Analyzing FSM <FSM_0> for best encoding.
Optimizing FSM <disp/state/FSM> on signal <state[1:3]> with sequential encoding.
----------------------
 State    | Encoding
----------------------
 00000000 | 000
 00000001 | 001
 00000010 | 010
 00000011 | 011
 00000100 | 100
 00000101 | 101
 00000110 | 110
----------------------
Loading device for application Rf_Device from file '2v6000.nph' in environment /afs/csail.mit.edu/proj/redsocs/Xilinx10.1/ISE.
WARNING:Xst:1710 - FF/Latch <state_3> (without init value) has a constant value of 0 in block <run_HCSR04>. This FF/Latch will be trimmed during the optimization process.
WARNING:Xst:1710 - FF/Latch <my_hex_data_26> (without init value) has a constant value of 0 in block <labkit>. This FF/Latch will be trimmed during the optimization process.
WARNING:Xst:1895 - Due to other FF/Latch trimming, FF/Latch <my_hex_data_27> (without init value) has a constant value of 0 in block <labkit>. This FF/Latch will be trimmed during the optimization process.
WARNING:Xst:1895 - Due to other FF/Latch trimming, FF/Latch <my_hex_data_28> (without init value) has a constant value of 1 in block <labkit>. This FF/Latch will be trimmed during the optimization process.
WARNING:Xst:1895 - Due to other FF/Latch trimming, FF/Latch <my_hex_data_29> (without init value) has a constant value of 1 in block <labkit>. This FF/Latch will be trimmed during the optimization process.
WARNING:Xst:1895 - Due to other FF/Latch trimming, FF/Latch <my_hex_data_30> (without init value) has a constant value of 1 in block <labkit>. This FF/Latch will be trimmed during the optimization process.
WARNING:Xst:1895 - Due to other FF/Latch trimming, FF/Latch <my_hex_data_31> (without init value) has a constant value of 1 in block <labkit>. This FF/Latch will be trimmed during the optimization process.
WARNING:Xst:1895 - Due to other FF/Latch trimming, FF/Latch <my_hex_data_32> (without init value) has a constant value of 0 in block <labkit>. This FF/Latch will be trimmed during the optimization process.
WARNING:Xst:1895 - Due to other FF/Latch trimming, FF/Latch <my_hex_data_33> (without init value) has a constant value of 0 in block <labkit>. This FF/Latch will be trimmed during the optimization process.
WARNING:Xst:1895 - Due to other FF/Latch trimming, FF/Latch <my_hex_data_34> (without init value) has a constant value of 0 in block <labkit>. This FF/Latch will be trimmed during the optimization process.
WARNING:Xst:1895 - Due to other FF/Latch trimming, FF/Latch <my_hex_data_35> (without init value) has a constant value of 0 in block <labkit>. This FF/Latch will be trimmed during the optimization process.
WARNING:Xst:1895 - Due to other FF/Latch trimming, FF/Latch <my_hex_data_36> (without init value) has a constant value of 0 in block <labkit>. This FF/Latch will be trimmed during the optimization process.
WARNING:Xst:1895 - Due to other FF/Latch trimming, FF/Latch <my_hex_data_37> (without init value) has a constant value of 0 in block <labkit>. This FF/Latch will be trimmed during the optimization process.
WARNING:Xst:1895 - Due to other FF/Latch trimming, FF/Latch <my_hex_data_38> (without init value) has a constant value of 0 in block <labkit>. This FF/Latch will be trimmed during the optimization process.
WARNING:Xst:1895 - Due to other FF/Latch trimming, FF/Latch <my_hex_data_39> (without init value) has a constant value of 0 in block <labkit>. This FF/Latch will be trimmed during the optimization process.
WARNING:Xst:1895 - Due to other FF/Latch trimming, FF/Latch <my_hex_data_40> (without init value) has a constant value of 0 in block <labkit>. This FF/Latch will be trimmed during the optimization process.
WARNING:Xst:1895 - Due to other FF/Latch trimming, FF/Latch <my_hex_data_41> (without init value) has a constant value of 0 in block <labkit>. This FF/Latch will be trimmed during the optimization process.
WARNING:Xst:1895 - Due to other FF/Latch trimming, FF/Latch <my_hex_data_42> (without init value) has a constant value of 0 in block <labkit>. This FF/Latch will be trimmed during the optimization process.
WARNING:Xst:1895 - Due to other FF/Latch trimming, FF/Latch <my_hex_data_43> (without init value) has a constant value of 0 in block <labkit>. This FF/Latch will be trimmed during the optimization process.
WARNING:Xst:1895 - Due to other FF/Latch trimming, FF/Latch <my_hex_data_44> (without init value) has a constant value of 0 in block <labkit>. This FF/Latch will be trimmed during the optimization process.
WARNING:Xst:1895 - Due to other FF/Latch trimming, FF/Latch <my_hex_data_45> (without init value) has a constant value of 0 in block <labkit>. This FF/Latch will be trimmed during the optimization process.
WARNING:Xst:1895 - Due to other FF/Latch trimming, FF/Latch <my_hex_data_46> (without init value) has a constant value of 0 in block <labkit>. This FF/Latch will be trimmed during the optimization process.
WARNING:Xst:1895 - Due to other FF/Latch trimming, FF/Latch <my_hex_data_47> (without init value) has a constant value of 0 in block <labkit>. This FF/Latch will be trimmed during the optimization process.
WARNING:Xst:1895 - Due to other FF/Latch trimming, FF/Latch <my_hex_data_57> (without init value) has a constant value of 0 in block <labkit>. This FF/Latch will be trimmed during the optimization process.
WARNING:Xst:1895 - Due to other FF/Latch trimming, FF/Latch <my_hex_data_58> (without init value) has a constant value of 0 in block <labkit>. This FF/Latch will be trimmed during the optimization process.
WARNING:Xst:1895 - Due to other FF/Latch trimming, FF/Latch <my_hex_data_59> (without init value) has a constant value of 0 in block <labkit>. This FF/Latch will be trimmed during the optimization process.
WARNING:Xst:1895 - Due to other FF/Latch trimming, FF/Latch <my_hex_data_0> (without init value) has a constant value of 0 in block <labkit>. This FF/Latch will be trimmed during the optimization process.
WARNING:Xst:1895 - Due to other FF/Latch trimming, FF/Latch <my_hex_data_1> (without init value) has a constant value of 0 in block <labkit>. This FF/Latch will be trimmed during the optimization process.
WARNING:Xst:1895 - Due to other FF/Latch trimming, FF/Latch <my_hex_data_2> (without init value) has a constant value of 0 in block <labkit>. This FF/Latch will be trimmed during the optimization process.
WARNING:Xst:1895 - Due to other FF/Latch trimming, FF/Latch <my_hex_data_3> (without init value) has a constant value of 0 in block <labkit>. This FF/Latch will be trimmed during the optimization process.
WARNING:Xst:1895 - Due to other FF/Latch trimming, FF/Latch <my_hex_data_4> (without init value) has a constant value of 0 in block <labkit>. This FF/Latch will be trimmed during the optimization process.
WARNING:Xst:1895 - Due to other FF/Latch trimming, FF/Latch <my_hex_data_5> (without init value) has a constant value of 0 in block <labkit>. This FF/Latch will be trimmed during the optimization process.
WARNING:Xst:1895 - Due to other FF/Latch trimming, FF/Latch <my_hex_data_6> (without init value) has a constant value of 0 in block <labkit>. This FF/Latch will be trimmed during the optimization process.
WARNING:Xst:1895 - Due to other FF/Latch trimming, FF/Latch <my_hex_data_7> (without init value) has a constant value of 0 in block <labkit>. This FF/Latch will be trimmed during the optimization process.
WARNING:Xst:1895 - Due to other FF/Latch trimming, FF/Latch <my_hex_data_8> (without init value) has a constant value of 0 in block <labkit>. This FF/Latch will be trimmed during the optimization process.
WARNING:Xst:1895 - Due to other FF/Latch trimming, FF/Latch <my_hex_data_9> (without init value) has a constant value of 0 in block <labkit>. This FF/Latch will be trimmed during the optimization process.
WARNING:Xst:1895 - Due to other FF/Latch trimming, FF/Latch <my_hex_data_10> (without init value) has a constant value of 0 in block <labkit>. This FF/Latch will be trimmed during the optimization process.
WARNING:Xst:1895 - Due to other FF/Latch trimming, FF/Latch <my_hex_data_11> (without init value) has a constant value of 0 in block <labkit>. This FF/Latch will be trimmed during the optimization process.
WARNING:Xst:1895 - Due to other FF/Latch trimming, FF/Latch <my_hex_data_12> (without init value) has a constant value of 1 in block <labkit>. This FF/Latch will be trimmed during the optimization process.
WARNING:Xst:1895 - Due to other FF/Latch trimming, FF/Latch <my_hex_data_13> (without init value) has a constant value of 1 in block <labkit>. This FF/Latch will be trimmed during the optimization process.
WARNING:Xst:1895 - Due to other FF/Latch trimming, FF/Latch <my_hex_data_14> (without init value) has a constant value of 1 in block <labkit>. This FF/Latch will be trimmed during the optimization process.
WARNING:Xst:1895 - Due to other FF/Latch trimming, FF/Latch <my_hex_data_15> (without init value) has a constant value of 1 in block <labkit>. This FF/Latch will be trimmed during the optimization process.
WARNING:Xst:1895 - Due to other FF/Latch trimming, FF/Latch <my_hex_data_16> (without init value) has a constant value of 0 in block <labkit>. This FF/Latch will be trimmed during the optimization process.
WARNING:Xst:1895 - Due to other FF/Latch trimming, FF/Latch <my_hex_data_17> (without init value) has a constant value of 0 in block <labkit>. This FF/Latch will be trimmed during the optimization process.
WARNING:Xst:1895 - Due to other FF/Latch trimming, FF/Latch <my_hex_data_18> (without init value) has a constant value of 0 in block <labkit>. This FF/Latch will be trimmed during the optimization process.
WARNING:Xst:1895 - Due to other FF/Latch trimming, FF/Latch <my_hex_data_19> (without init value) has a constant value of 0 in block <labkit>. This FF/Latch will be trimmed during the optimization process.
WARNING:Xst:1895 - Due to other FF/Latch trimming, FF/Latch <my_hex_data_20> (without init value) has a constant value of 0 in block <labkit>. This FF/Latch will be trimmed during the optimization process.
WARNING:Xst:1895 - Due to other FF/Latch trimming, FF/Latch <my_hex_data_21> (without init value) has a constant value of 0 in block <labkit>. This FF/Latch will be trimmed during the optimization process.
WARNING:Xst:1895 - Due to other FF/Latch trimming, FF/Latch <my_hex_data_22> (without init value) has a constant value of 0 in block <labkit>. This FF/Latch will be trimmed during the optimization process.
WARNING:Xst:1895 - Due to other FF/Latch trimming, FF/Latch <my_hex_data_23> (without init value) has a constant value of 0 in block <labkit>. This FF/Latch will be trimmed during the optimization process.
WARNING:Xst:1895 - Due to other FF/Latch trimming, FF/Latch <my_hex_data_24> (without init value) has a constant value of 0 in block <labkit>. This FF/Latch will be trimmed during the optimization process.
WARNING:Xst:1895 - Due to other FF/Latch trimming, FF/Latch <my_hex_data_25> (without init value) has a constant value of 0 in block <labkit>. This FF/Latch will be trimmed during the optimization process.
WARNING:Xst:1710 - FF/Latch <my_hex_data_63> (without init value) has a constant value of 0 in block <labkit>. This FF/Latch will be trimmed during the optimization process.
WARNING:Xst:2677 - Node <clean> of sequential type is unconnected in block <db_1>.
WARNING:Xst:2677 - Node <clean> of sequential type is unconnected in block <db_2>.
WARNING:Xst:2677 - Node <clean> of sequential type is unconnected in block <db_S3>.
WARNING:Xst:2677 - Node <hblank> of sequential type is unconnected in block <xvga1>.
WARNING:Xst:2677 - Node <hsync> of sequential type is unconnected in block <xvga1>.
WARNING:Xst:2677 - Node <blank> of sequential type is unconnected in block <xvga1>.
WARNING:Xst:2677 - Node <vblank> of sequential type is unconnected in block <xvga1>.
WARNING:Xst:2677 - Node <vsync> of sequential type is unconnected in block <xvga1>.

=========================================================================
Advanced HDL Synthesis Report

Macro Statistics
# ROMs                                                 : 1
 16x40-bit ROM                                         : 1
# Adders/Subtractors                                   : 6
 10-bit addsub                                         : 1
 20-bit adder                                          : 1
 26-bit adder                                          : 1
 4-bit subtractor                                      : 1
 8-bit adder                                           : 1
 9-bit adder                                           : 1
# Counters                                             : 12
 10-bit up counter                                     : 1
 11-bit up counter                                     : 1
 19-bit up counter                                     : 8
 5-bit up counter                                      : 1
 8-bit down counter                                    : 1
# Registers                                            : 169
 Flip-Flops                                            : 169
# Multiplexers                                         : 3
 1-bit 40-to-1 multiplexer                             : 1
 1-bit 6-to-1 multiplexer                              : 1
 4-bit 16-to-1 multiplexer                             : 1
# Xors                                                 : 8
 1-bit xor2                                            : 8

=========================================================================

=========================================================================
*                         Low Level Synthesis                           *
=========================================================================
WARNING:Xst:2677 - Node <db_2/clean> of sequential type is unconnected in block <labkit>.
WARNING:Xst:2677 - Node <db_2/new> of sequential type is unconnected in block <labkit>.
WARNING:Xst:2677 - Node <db_1/clean> of sequential type is unconnected in block <labkit>.
WARNING:Xst:2677 - Node <db_1/new> of sequential type is unconnected in block <labkit>.

Optimizing unit <labkit> ...

Optimizing unit <xvga> ...

Optimizing unit <run_HCSR04> ...

Optimizing unit <display_16hex_labkit> ...
WARNING:Xst:1710 - FF/Latch <my_hex_data_63> (without init value) has a constant value of 0 in block <labkit>. This FF/Latch will be trimmed during the optimization process.
WARNING:Xst:2677 - Node <db_S3/clean> of sequential type is unconnected in block <labkit>.
WARNING:Xst:2677 - Node <db_S3/new> of sequential type is unconnected in block <labkit>.
WARNING:Xst:2677 - Node <db_S3/count_0> of sequential type is unconnected in block <labkit>.
WARNING:Xst:2677 - Node <db_S3/count_1> of sequential type is unconnected in block <labkit>.
WARNING:Xst:2677 - Node <db_S3/count_2> of sequential type is unconnected in block <labkit>.
WARNING:Xst:2677 - Node <db_S3/count_3> of sequential type is unconnected in block <labkit>.
WARNING:Xst:2677 - Node <db_S3/count_4> of sequential type is unconnected in block <labkit>.
WARNING:Xst:2677 - Node <db_S3/count_5> of sequential type is unconnected in block <labkit>.
WARNING:Xst:2677 - Node <db_S3/count_6> of sequential type is unconnected in block <labkit>.
WARNING:Xst:2677 - Node <db_S3/count_7> of sequential type is unconnected in block <labkit>.
WARNING:Xst:2677 - Node <db_S3/count_8> of sequential type is unconnected in block <labkit>.
WARNING:Xst:2677 - Node <db_S3/count_9> of sequential type is unconnected in block <labkit>.
WARNING:Xst:2677 - Node <db_S3/count_10> of sequential type is unconnected in block <labkit>.
WARNING:Xst:2677 - Node <db_S3/count_11> of sequential type is unconnected in block <labkit>.
WARNING:Xst:2677 - Node <db_S3/count_12> of sequential type is unconnected in block <labkit>.
WARNING:Xst:2677 - Node <db_S3/count_13> of sequential type is unconnected in block <labkit>.
WARNING:Xst:2677 - Node <db_S3/count_14> of sequential type is unconnected in block <labkit>.
WARNING:Xst:2677 - Node <db_S3/count_15> of sequential type is unconnected in block <labkit>.
WARNING:Xst:2677 - Node <db_S3/count_16> of sequential type is unconnected in block <labkit>.
WARNING:Xst:2677 - Node <db_S3/count_17> of sequential type is unconnected in block <labkit>.
WARNING:Xst:2677 - Node <db_S3/count_18> of sequential type is unconnected in block <labkit>.
WARNING:Xst:2677 - Node <xvga1/vcount_9> of sequential type is unconnected in block <labkit>.
WARNING:Xst:2677 - Node <xvga1/vcount_8> of sequential type is unconnected in block <labkit>.
WARNING:Xst:2677 - Node <xvga1/vcount_7> of sequential type is unconnected in block <labkit>.
WARNING:Xst:2677 - Node <xvga1/vcount_6> of sequential type is unconnected in block <labkit>.
WARNING:Xst:2677 - Node <xvga1/vcount_5> of sequential type is unconnected in block <labkit>.
WARNING:Xst:2677 - Node <xvga1/vcount_4> of sequential type is unconnected in block <labkit>.
WARNING:Xst:2677 - Node <xvga1/vcount_3> of sequential type is unconnected in block <labkit>.
WARNING:Xst:2677 - Node <xvga1/vcount_2> of sequential type is unconnected in block <labkit>.
WARNING:Xst:2677 - Node <xvga1/vcount_1> of sequential type is unconnected in block <labkit>.
WARNING:Xst:2677 - Node <xvga1/vcount_0> of sequential type is unconnected in block <labkit>.
WARNING:Xst:2677 - Node <xvga1/hcount_10> of sequential type is unconnected in block <labkit>.
WARNING:Xst:2677 - Node <xvga1/hcount_9> of sequential type is unconnected in block <labkit>.
WARNING:Xst:2677 - Node <xvga1/hcount_8> of sequential type is unconnected in block <labkit>.
WARNING:Xst:2677 - Node <xvga1/hcount_7> of sequential type is unconnected in block <labkit>.
WARNING:Xst:2677 - Node <xvga1/hcount_6> of sequential type is unconnected in block <labkit>.
WARNING:Xst:2677 - Node <xvga1/hcount_5> of sequential type is unconnected in block <labkit>.
WARNING:Xst:2677 - Node <xvga1/hcount_4> of sequential type is unconnected in block <labkit>.
WARNING:Xst:2677 - Node <xvga1/hcount_3> of sequential type is unconnected in block <labkit>.
WARNING:Xst:2677 - Node <xvga1/hcount_2> of sequential type is unconnected in block <labkit>.
WARNING:Xst:2677 - Node <xvga1/hcount_1> of sequential type is unconnected in block <labkit>.
WARNING:Xst:2677 - Node <xvga1/hcount_0> of sequential type is unconnected in block <labkit>.
WARNING:Xst:2677 - Node <xvga1/vsync> of sequential type is unconnected in block <labkit>.
WARNING:Xst:2677 - Node <xvga1/vblank> of sequential type is unconnected in block <labkit>.
WARNING:Xst:2677 - Node <xvga1/blank> of sequential type is unconnected in block <labkit>.
WARNING:Xst:2677 - Node <xvga1/hsync> of sequential type is unconnected in block <labkit>.
WARNING:Xst:2677 - Node <xvga1/hblank> of sequential type is unconnected in block <labkit>.

Mapping all equations...
Building and optimizing final netlist ...
Found area constraint ratio of 100 (+ 5) on block labkit, actual ratio is 0.

Final Macro Processing ...

Processing Unit <labkit> :
	Found 7-bit shift register for signal <disp/control_30>.
	Found 7-bit shift register for signal <disp/control_22>.
	Found 7-bit shift register for signal <disp/control_14>.
	Found 7-bit shift register for signal <disp/control_6>.
Unit <labkit> processed.

=========================================================================
Final Register Report

Macro Statistics
# Registers                                            : 237
 Flip-Flops                                            : 237
# Shift Registers                                      : 4
 7-bit shift register                                  : 4

=========================================================================

=========================================================================
*                           Partition Report                             *
=========================================================================

Partition Implementation Status
-------------------------------

  No Partitions were found in this design.

-------------------------------

=========================================================================
*                            Final Report                               *
=========================================================================
Final Results
RTL Top Level Output File Name     : labkit.ngr
Top Level Output File Name         : labkit
Output Format                      : NGC
Optimization Goal                  : Speed
Keep Hierarchy                     : NO

Design Statistics
# IOs                              : 576

Cell Usage :
# BELS                             : 907
#      GND                         : 1
#      INV                         : 25
#      LUT1                        : 135
#      LUT2                        : 32
#      LUT2_D                      : 2
#      LUT2_L                      : 1
#      LUT3                        : 63
#      LUT3_D                      : 9
#      LUT3_L                      : 6
#      LUT4                        : 259
#      LUT4_D                      : 7
#      LUT4_L                      : 9
#      MUXCY                       : 178
#      MUXF5                       : 27
#      MUXF6                       : 2
#      MUXF7                       : 1
#      VCC                         : 1
#      XORCY                       : 149
# FlipFlops/Latches                : 251
#      FD                          : 12
#      FDE                         : 23
#      FDR                         : 46
#      FDRE                        : 108
#      FDRS                        : 46
#      FDSE                        : 16
# Shift Registers                  : 5
#      SRL16                       : 1
#      SRL16E                      : 4
# Clock Buffers                    : 3
#      BUFG                        : 3
# IO Buffers                       : 265
#      IBUF                        : 11
#      IBUFG                       : 1
#      OBUF                        : 253
# DCMs                             : 1
#      DCM                         : 1
=========================================================================

Device utilization summary:
---------------------------

Selected Device : 2v6000bf957-4 

 Number of Slices:                      294  out of  33792     0%  
 Number of Slice Flip Flops:            251  out of  67584     0%  
 Number of 4 input LUTs:                553  out of  67584     0%  
    Number used as logic:               548
    Number used as Shift registers:       5
 Number of IOs:                         576
 Number of bonded IOBs:                 265  out of    684    38%  
 Number of GCLKs:                         3  out of     16    18%  
 Number of DCMs:                          1  out of     12     8%  

---------------------------
Partition Resource Summary:
---------------------------

  No Partitions were found in this design.

---------------------------


=========================================================================
TIMING REPORT

NOTE: THESE TIMING NUMBERS ARE ONLY A SYNTHESIS ESTIMATE.
      FOR ACCURATE TIMING INFORMATION PLEASE REFER TO THE TRACE REPORT
      GENERATED AFTER PLACE-and-ROUTE.

Clock Information:
------------------
-----------------------------------+------------------------+-------+
Clock Signal                       | Clock buffer(FF name)  | Load  |
-----------------------------------+------------------------+-------+
clock_27mhz                        | IBUFG+BUFG             | 213   |
disp/clock1                        | BUFG                   | 43    |
-----------------------------------+------------------------+-------+

Asynchronous Control Signals Information:
----------------------------------------
No asynchronous control signals found in this design

Timing Summary:
---------------
Speed Grade: -4

   Minimum period: 10.641ns (Maximum Frequency: 93.981MHz)
   Minimum input arrival time before clock: 7.580ns
   Maximum output required time after clock: 6.771ns
   Maximum combinational path delay: No path found

Timing Detail:
--------------
All values displayed in nanoseconds (ns)

=========================================================================
Timing constraint: Default period analysis for Clock 'clock_27mhz'
  Clock period: 7.923ns (frequency: 126.219MHz)
  Total number of paths / destination ports: 7473 / 545
-------------------------------------------------------------------------
Delay:               7.923ns (Levels of Logic = 5)
  Source:            db_S1/clean (FF)
  Destination:       us_module/distance_count_19 (FF)
  Source Clock:      clock_27mhz rising
  Destination Clock: clock_27mhz rising

  Data Path: db_S1/clean to us_module/distance_count_19
                                Gate     Net
    Cell:in->out      fanout   Delay   Delay  Logical Name (Net Name)
    ----------------------------------------  ------------
     FDE:C->Q             20   0.568   1.326  db_S1/clean (db_S1/clean)
     LUT3:I0->O            1   0.439   0.000  us_module/Mmux__COND_3_6 (us_module/Mmux__COND_3_6)
     MUXF5:I1->O           2   0.436   0.910  us_module/Mmux__COND_3_5_f5 (us_module/Mmux__COND_3_5_f5)
     LUT3:I1->O           14   0.439   0.977  us_module/curr_ultrasound<2> (us_module/_COND_3)
     MUXF5:S->O           19   0.699   1.320  us_module/distance_count_mux0000<12>1 (us_module/N1)
     LUT3:I0->O            1   0.439   0.000  us_module/distance_count_mux0000<13>1 (us_module/distance_count_mux0000<13>1)
     FDRS:D                    0.370          us_module/distance_count_6
    ----------------------------------------
    Total                      7.923ns (3.390ns logic, 4.533ns route)
                                       (42.8% logic, 57.2% route)

=========================================================================
Timing constraint: Default period analysis for Clock 'disp/clock1'
  Clock period: 10.641ns (frequency: 93.981MHz)
  Total number of paths / destination ports: 2199 / 75
-------------------------------------------------------------------------
Delay:               10.641ns (Levels of Logic = 10)
  Source:            disp/char_index_1 (FF)
  Destination:       disp/disp_data_out (FF)
  Source Clock:      disp/clock1 rising
  Destination Clock: disp/clock1 rising

  Data Path: disp/char_index_1 to disp/disp_data_out
                                Gate     Net
    Cell:in->out      fanout   Delay   Delay  Logical Name (Net Name)
    ----------------------------------------  ------------
     FDE:C->Q             19   0.568   1.069  disp/char_index_1 (disp/char_index_1)
     LUT3_L:I2->LO         1   0.439   0.140  disp/Mmux_nibble139_SW0 (N123)
     LUT4:I3->O           12   0.439   1.216  disp/Mmux_nibble139 (disp/Mmux_nibble139)
     LUT2_D:I0->O          4   0.439   0.787  disp/Mmux_nibble145_1 (disp/Mmux_nibble145)
     LUT4:I3->O            1   0.439   0.551  disp/Mrom_dots51 (disp/Mrom_dots5)
     LUT4:I2->O            1   0.439   0.000  disp/Mmux__varindex0000_13_f5_F (N207)
     MUXF5:I0->O           1   0.436   0.726  disp/Mmux__varindex0000_13_f5 (disp/Mmux__varindex0000_13_f5)
     LUT3_L:I1->LO         1   0.439   0.134  disp/disp_data_out_mux000032_SW2 (N213)
     LUT3:I2->O            1   0.439   0.558  disp/disp_data_out_mux000032 (disp/disp_data_out_mux000032)
     LUT4_L:I3->LO         1   0.439   0.134  disp/disp_data_out_mux000078 (disp/disp_data_out_mux000078)
     LUT4:I2->O            1   0.439   0.000  disp/disp_data_out_mux0000169 (disp/disp_data_out_mux0000)
     FDE:D                     0.370          disp/disp_data_out
    ----------------------------------------
    Total                     10.641ns (5.325ns logic, 5.316ns route)
                                       (50.0% logic, 50.0% route)

=========================================================================
Timing constraint: Default OFFSET IN BEFORE for Clock 'clock_27mhz'
  Total number of paths / destination ports: 691 / 190
-------------------------------------------------------------------------
Offset:              7.580ns (Levels of Logic = 6)
  Source:            user1<29> (PAD)
  Destination:       us_module/distance_count_19 (FF)
  Destination Clock: clock_27mhz rising

  Data Path: user1<29> to us_module/distance_count_19
                                Gate     Net
    Cell:in->out      fanout   Delay   Delay  Logical Name (Net Name)
    ----------------------------------------  ------------
     IBUF:I->O             1   0.825   0.726  user1_29_IBUF (user1_29_IBUF)
     LUT3:I1->O            1   0.439   0.000  us_module/Mmux__COND_3_7 (us_module/Mmux__COND_3_7)
     MUXF5:I0->O           2   0.436   0.910  us_module/Mmux__COND_3_5_f5 (us_module/Mmux__COND_3_5_f5)
     LUT3:I1->O           14   0.439   0.977  us_module/curr_ultrasound<2> (us_module/_COND_3)
     MUXF5:S->O           19   0.699   1.320  us_module/distance_count_mux0000<12>1 (us_module/N1)
     LUT3:I0->O            1   0.439   0.000  us_module/distance_count_mux0000<13>1 (us_module/distance_count_mux0000<13>1)
     FDRS:D                    0.370          us_module/distance_count_6
    ----------------------------------------
    Total                      7.580ns (3.647ns logic, 3.933ns route)
                                       (48.1% logic, 51.9% route)

=========================================================================
Timing constraint: Default OFFSET OUT AFTER for Clock 'clock_27mhz'
  Total number of paths / destination ports: 13 / 13
-------------------------------------------------------------------------
Offset:              6.771ns (Levels of Logic = 2)
  Source:            disp/clock (FF)
  Destination:       disp_clock (PAD)
  Source Clock:      clock_27mhz rising

  Data Path: disp/clock to disp_clock
                                Gate     Net
    Cell:in->out      fanout   Delay   Delay  Logical Name (Net Name)
    ----------------------------------------  ------------
     FDRE:C->Q             2   0.568   0.701  disp/clock (disp/clock1)
     INV:I->O              2   0.439   0.701  disp/disp_clock1_INV_0 (disp_clock_OBUF)
     OBUF:I->O                 4.361          disp_clock_OBUF (disp_clock)
    ----------------------------------------
    Total                      6.771ns (5.368ns logic, 1.403ns route)
                                       (79.3% logic, 20.7% route)

=========================================================================
Timing constraint: Default OFFSET OUT AFTER for Clock 'disp/clock1'
  Total number of paths / destination ports: 4 / 4
-------------------------------------------------------------------------
Offset:              5.630ns (Levels of Logic = 1)
  Source:            disp/disp_rs (FF)
  Destination:       disp_rs (PAD)
  Source Clock:      disp/clock1 rising

  Data Path: disp/disp_rs to disp_rs
                                Gate     Net
    Cell:in->out      fanout   Delay   Delay  Logical Name (Net Name)
    ----------------------------------------  ------------
     FDE:C->Q              2   0.568   0.701  disp/disp_rs (disp/disp_rs)
     OBUF:I->O                 4.361          disp_rs_OBUF (disp_rs)
    ----------------------------------------
    Total                      5.630ns (4.929ns logic, 0.701ns route)
                                       (87.5% logic, 12.5% route)

=========================================================================


Total REAL time to Xst completion: 13.00 secs
Total CPU time to Xst completion: 12.11 secs
 
--> 


Total memory usage is 472036 kilobytes

Number of errors   :    0 (   0 filtered)
Number of warnings :  435 (   0 filtered)
Number of infos    :   11 (   0 filtered)

